<html>
<body>
<pre>
<h1>µVision Build Log</h1>
<h2>Tool Versions:</h2>
IDE-Version: ¦ÌVision V5.27.1.0
Copyright (C) 2019 ARM Ltd and ARM Germany GmbH. All rights reserved.
License Information: okme okme, SHU, LIC=585FJ-U5MPN-2ZJW4-FNHJ3-1MV3S-VD9Y5
 
Tool Versions:
Toolchain:       MDK-ARM Plus  Version: 5.27.1.0
Toolchain Path:  C:\Keil_v5\ARM\ARMCC\Bin
C Compiler:      Armcc.exe V5.06 update 6 (build 750)
Assembler:       Armasm.exe V5.06 update 6 (build 750)
Linker/Locator:  ArmLink.exe V5.06 update 6 (build 750)
Library Manager: ArmAr.exe V5.06 update 6 (build 750)
Hex Converter:   FromElf.exe V5.06 update 6 (build 750)
CPU DLL:         SARMCM3.DLL V5.27.1.0
Dialog DLL:      DCM.DLL V1.17.2.0
Target DLL:      STLink\ST-LINKIII-KEIL_SWO.dll V3.0.6.0
Dialog DLL:      TCM.DLL V1.36.1.0
 
<h2>Project:</h2>
E:\Project\nRF\ICM20948_DMP\project\mdk5\esb_ptx.uvprojx
Project File Date:  09/26/2023

<h2>Output:</h2>
*** Using Compiler 'V5.06 update 6 (build 750)', folder: 'C:\Keil_v5\ARM\ARMCC\Bin'
Rebuild target 'IK-52832DK'
compiling nrfx_spi.c...
compiling nrf_drv_spi.c...
compiling nrf_drv_uart.c...
compiling nrfx_atomic.c...
compiling nrfx_gpiote.c...
compiling ICM_20948.c...
..\..\app\ICM_20948.h(85): warning:  #1295-D: Deprecated declaration ICM_20948_i2cMasterReset - give arg types
  ICM_20948_Status_e ICM_20948_i2cMasterReset();
..\..\app\ICM_20948.h(112): warning:  #1295-D: Deprecated declaration ICM_20948_resetMag - give arg types
  ICM_20948_Status_e ICM_20948_resetMag();
..\..\app\ICM_20948.h(192): warning:  #1295-D: Deprecated declaration ICM_20948_I2C_begin - give arg types
  ICM_20948_Status_e ICM_20948_I2C_begin();
..\..\app\ICM_20948.h(193): warning:  #1295-D: Deprecated declaration ICM_20948_SPI_begin - give arg types
  ICM_20948_Status_e ICM_20948_SPI_begin();
..\..\app\ICM_20948.c(60): warning:  #1035-D: single-precision operand implicitly converted to double-precision
    return (((float)axis_val) * 0.15);
..\..\app\ICM_20948.c(83): warning:  #1035-D: single-precision operand implicitly converted to double-precision
      return (((float)axis_val) / 16.384);
..\..\app\ICM_20948.c(84): warning:  #111-D: statement is unreachable
      break;
..\..\app\ICM_20948.c(86): warning:  #1035-D: single-precision operand implicitly converted to double-precision
      return (((float)axis_val) / 8.192);
..\..\app\ICM_20948.c(87): warning:  #111-D: statement is unreachable
      break;
..\..\app\ICM_20948.c(89): warning:  #1035-D: single-precision operand implicitly converted to double-precision
      return (((float)axis_val) / 4.096);
..\..\app\ICM_20948.c(90): warning:  #111-D: statement is unreachable
      break;
..\..\app\ICM_20948.c(92): warning:  #1035-D: single-precision operand implicitly converted to double-precision
      return (((float)axis_val) / 2.048);
..\..\app\ICM_20948.c(93): warning:  #111-D: statement is unreachable
      break;
..\..\app\ICM_20948.c(96): warning:  #111-D: statement is unreachable
      break;
..\..\app\ICM_20948.c(121): warning:  #111-D: statement is unreachable
      break;
..\..\app\ICM_20948.c(123): warning:  #1035-D: single-precision operand implicitly converted to double-precision
      return (((float)axis_val) / 65.5);
..\..\app\ICM_20948.c(124): warning:  #111-D: statement is unreachable
      break;
..\..\app\ICM_20948.c(126): warning:  #1035-D: single-precision operand implicitly converted to double-precision
      return (((float)axis_val) / 32.8);
..\..\app\ICM_20948.c(127): warning:  #111-D: statement is unreachable
      break;
..\..\app\ICM_20948.c(129): warning:  #1035-D: single-precision operand implicitly converted to double-precision
      return (((float)axis_val) / 16.4);
..\..\app\ICM_20948.c(130): warning:  #111-D: statement is unreachable
      break;
..\..\app\ICM_20948.c(133): warning:  #111-D: statement is unreachable
      break;
..\..\app\ICM_20948.c(144): warning:  #1035-D: single-precision operand implicitly converted to double-precision
    return (((float)val - 21) / 333.87) + 21;
..\..\app\ICM_20948.c(163): warning:  #111-D: statement is unreachable
      break;
..\..\app\ICM_20948.c(166): warning:  #111-D: statement is unreachable
      break;
..\..\app\ICM_20948.c(169): warning:  #111-D: statement is unreachable
      break;
..\..\app\ICM_20948.c(172): warning:  #111-D: statement is unreachable
      break;
..\..\app\ICM_20948.c(175): warning:  #111-D: statement is unreachable
      break;
..\..\app\ICM_20948.c(178): warning:  #111-D: statement is unreachable
      break;
..\..\app\ICM_20948.c(181): warning:  #111-D: statement is unreachable
      break;
..\..\app\ICM_20948.c(184): warning:  #111-D: statement is unreachable
      break;
..\..\app\ICM_20948.c(187): warning:  #111-D: statement is unreachable
      break;
..\..\app\ICM_20948.c(190): warning:  #111-D: statement is unreachable
      break;
..\..\app\ICM_20948.c(193): warning:  #111-D: statement is unreachable
      break;
..\..\app\ICM_20948.c(196): warning:  #111-D: statement is unreachable
      break;
..\..\app\ICM_20948.c(199): warning:  #111-D: statement is unreachable
      break;
..\..\app\ICM_20948.c(202): warning:  #111-D: statement is unreachable
      break;
..\..\app\ICM_20948.c(205): warning:  #111-D: statement is unreachable
      break;
..\..\app\ICM_20948.c(208): warning:  #111-D: statement is unreachable
      break;
..\..\app\ICM_20948.c(211): warning:  #111-D: statement is unreachable
      break;
..\..\app\ICM_20948.c: 40 warnings, 0 errors
compiling nrfx_spim.c...
compiling nrfx_clock.c...
compiling boards.c...
compiling nrfx_uart.c...
compiling nrfx_uarte.c...
compiling w25q128.c...
..\..\app\w25q128\w25q128.c(282): warning:  #177-D: function "i2c_mag_read"  was declared but never referenced
  static uint8_t i2c_mag_read(uint8_t reg)
..\..\app\w25q128\w25q128.c: 1 warning, 0 errors
compiling nrf_drv_clock.c...
compiling nrfx_prs.c...
compiling app_error.c...
compiling nrf_assert.c...
compiling app_util_platform.c...
compiling radio_config.c...
compiling main.c...
..\..\app\ICM_20948.h(85): warning:  #1295-D: Deprecated declaration ICM_20948_i2cMasterReset - give arg types
  ICM_20948_Status_e ICM_20948_i2cMasterReset();
..\..\app\ICM_20948.h(112): warning:  #1295-D: Deprecated declaration ICM_20948_resetMag - give arg types
  ICM_20948_Status_e ICM_20948_resetMag();
..\..\app\ICM_20948.h(192): warning:  #1295-D: Deprecated declaration ICM_20948_I2C_begin - give arg types
  ICM_20948_Status_e ICM_20948_I2C_begin();
..\..\app\ICM_20948.h(193): warning:  #1295-D: Deprecated declaration ICM_20948_SPI_begin - give arg types
  ICM_20948_Status_e ICM_20948_SPI_begin();
..\..\app\main.c(128): warning:  #550-D: variable "length"  was set but never used
  	  static uint8_t length = 0;
..\..\app\main.c: 5 warnings, 0 errors
compiling nrfx_timer.c...
compiling nrf_strerror.c...
compiling app_error_handler_keil.c...
compiling nrf_fprintf_format.c...
compiling nrf_fprintf.c...
compiling nrf_atomic.c...
compiling nrf_memobj.c...
compiling nrf_ringbuf.c...
compiling nrf_balloc.c...
compiling app_error_weak.c...
compiling app_fifo.c...
compiling retarget.c...
compiling SEGGER_RTT_Syscalls_KEIL.c...
compiling nrf_sortlist.c...
compiling app_uart_fifo.c...
assembling arm_startup_nrf52.s...
compiling drv_rtc.c...
compiling app_timer2.c...
compiling ICM_20948_C.c...
..\..\app\util\ICM_20948_C.c(1807): warning:  #61-D: integer operation result is out of range
      if (((androidSensorAsBitMask & INV_NEEDS_ACCEL_MASK) > 0) || ((androidSensorAsBitMask & INV_NEEDS_ACCEL_MASK1) > 0))
..\..\app\util\ICM_20948_C.c(1812): warning:  #61-D: integer operation result is out of range
      if (((androidSensorAsBitMask & INV_NEEDS_GYRO_MASK) > 0) || ((androidSensorAsBitMask & INV_NEEDS_GYRO_MASK1) > 0))
..\..\app\util\ICM_20948_C.c(1817): warning:  #61-D: integer operation result is out of range
      if (((androidSensorAsBitMask & INV_NEEDS_COMPASS_MASK) > 0) || ((androidSensorAsBitMask & INV_NEEDS_COMPASS_MASK1) > 0))
..\..\app\util\ICM_20948_C.c: 3 warnings, 0 errors
compiling SEGGER_RTT.c...
compiling nrf_log_default_backends.c...
compiling nrf_log_backend_uart.c...
compiling SEGGER_RTT_printf.c...
compiling nrf_log_backend_serial.c...
compiling nrf_atfifo.c...
compiling nrf_log_str_formatter.c...
compiling app_button.c...
compiling nrf_log_frontend.c...
compiling nrf_log_backend_rtt.c...
compiling nrf_esb.c...
compiling system_nrf52.c...
linking...
Program Size: Code=30048 RO-data=16332 RW-data=304 ZI-data=15840  
FromELF: creating hex file...
".\Objects\nrf52832_qfaa.axf" - 0 Error(s), 49 Warning(s).

<h2>Software Packages used:</h2>

Package Vendor: ARM
                http://www.keil.com/pack/ARM.CMSIS.5.6.0.pack
                ARM.CMSIS.5.6.0
                CMSIS (Cortex Microcontroller Software Interface Standard)
   * Component: CORE Version: 5.3.0

Package Vendor: NordicSemiconductor
                http://developer.nordicsemi.com/nRF5_SDK/pieces/nRF_DeviceFamilyPack/NordicSemiconductor.nRF_DeviceFamilyPack.8.35.0.pack
                NordicSemiconductor.nRF_DeviceFamilyPack.8.35.0
                Nordic Semiconductor nRF ARM devices Device Family Pack with BSD license.
   * Component: Startup Version: 8.35.0

<h2>Collection of Component include folders:</h2>
  .\RTE\_IK-52832DK
  C:\Users\okme\AppData\Local\Arm\Packs\ARM\CMSIS\5.6.0\CMSIS\Core\Include
  C:\Users\okme\AppData\Local\Arm\Packs\NordicSemiconductor\nRF_DeviceFamilyPack\8.35.0\Device\Include

<h2>Collection of Component Files used:</h2>

   * Component: ARM::CMSIS:CORE:5.3.0

   * Component: NordicSemiconductor::Device:Startup:8.35.0
      Source file:   Device\Source\system_nrf52.c
      Source file:   Device\Source\arm\arm_startup_nrf52.s
      Include file:  Device\Include\system_nrf52.h
      Include file:  Device\Include\system_nrf.h
Build Time Elapsed:  00:00:09
</pre>
</body>
</html>
