Component: ARM Compiler 5.06 update 6 (build 750) Tool: armlink [4d35ed]

==============================================================================

Section Cross References

    main.o(i.imu_timer_event_handler) refers to main.o(.data) for times
    main.o(i.imu_timer_init) refers to nrfx_timer.o(i.nrfx_timer_init) for nrfx_timer_init
    main.o(i.imu_timer_init) refers to app_error.o(i.app_error_handler_bare) for app_error_handler_bare
    main.o(i.imu_timer_init) refers to llushr.o(.text) for __aeabi_llsr
    main.o(i.imu_timer_init) refers to nrfx_timer.o(i.nrfx_timer_extended_compare) for nrfx_timer_extended_compare
    main.o(i.imu_timer_init) refers to main.o(.constdata) for .constdata
    main.o(i.imu_timer_init) refers to main.o(i.imu_timer_event_handler) for imu_timer_event_handler
    main.o(i.main) refers to w25q128.o(i.SPI_Flash_Init) for SPI_Flash_Init
    main.o(i.main) refers to main.o(i.clock_initialization) for clock_initialization
    main.o(i.main) refers to radio_config.o(i.radio_configure) for radio_configure
    main.o(i.main) refers to icm_20948.o(i.ICM_20948_SPI_begin) for ICM_20948_SPI_begin
    main.o(i.main) refers to printfb.o(i.__0printf$bare) for __2printf
    main.o(i.main) refers to icm_20948.o(i.ICM_20948_initializeDMP) for ICM_20948_initializeDMP
    main.o(i.main) refers to icm_20948.o(i.ICM_20948_enableDMPSensor) for ICM_20948_enableDMPSensor
    main.o(i.main) refers to icm_20948.o(i.ICM_20948_setDMPODRrate) for ICM_20948_setDMPODRrate
    main.o(i.main) refers to icm_20948.o(i.ICM_20948_enableFIFO) for ICM_20948_enableFIFO
    main.o(i.main) refers to icm_20948.o(i.ICM_20948_enableDMP) for ICM_20948_enableDMP
    main.o(i.main) refers to icm_20948.o(i.ICM_20948_resetDMP) for ICM_20948_resetDMP
    main.o(i.main) refers to icm_20948.o(i.ICM_20948_resetFIFO) for ICM_20948_resetFIFO
    main.o(i.main) refers to icm_20948.o(i.ICM_20948_readDMPdataFromFIFO) for ICM_20948_readDMPdataFromFIFO
    main.o(i.main) refers to dflti.o(.text) for __aeabi_i2d
    main.o(i.main) refers to ddiv.o(.text) for __aeabi_ddiv
    main.o(i.main) refers to dmul.o(.text) for __aeabi_dmul
    main.o(i.main) refers to dadd.o(.text) for __aeabi_dadd
    main.o(i.main) refers to sqrt.o(i.__hardfp_sqrt) for __hardfp_sqrt
    main.o(i.main) refers to atan2.o(i.__hardfp_atan2) for __hardfp_atan2
    main.o(i.main) refers to cdrcmple.o(.text) for __aeabi_cdrcmple
    main.o(i.main) refers to cdcmple.o(.text) for __aeabi_cdcmple
    main.o(i.main) refers to asin.o(i.__hardfp_asin) for __hardfp_asin
    main.o(i.main) refers to main.o(.bss) for packet
    main.o(i.main) refers to main.o(.conststring) for .conststring
    main.o(i.main) refers to icm_20948.o(.data) for status
    main.o(i.main) refers to d2f.o(.text) for __aeabi_d2f
    main.o(i.main) refers to main.o(i.nrf_gpio_pin_toggle) for nrf_gpio_pin_toggle
    main.o(i.main) refers to main.o(.constdata) for delay_machine_code
    main.o(i.uart_config) refers to memcpya.o(.text) for __aeabi_memcpy4
    main.o(i.uart_config) refers to app_uart_fifo.o(i.app_uart_init) for app_uart_init
    main.o(i.uart_config) refers to app_error.o(i.app_error_handler_bare) for app_error_handler_bare
    main.o(i.uart_config) refers to main.o(.constdata) for .constdata
    main.o(i.uart_config) refers to main.o(.bss) for rx_buf
    main.o(i.uart_config) refers to main.o(i.uart_error_handle) for uart_error_handle
    main.o(i.uart_error_handle) refers to app_uart_fifo.o(i.app_uart_get) for app_uart_get
    main.o(i.uart_error_handle) refers to main.o(i.nrf_gpio_pin_toggle) for nrf_gpio_pin_toggle
    main.o(i.uart_error_handle) refers to app_error.o(i.app_error_handler_bare) for app_error_handler_bare
    main.o(i.uart_error_handle) refers to main.o(.bss) for data_array
    main.o(i.uart_error_handle) refers to main.o(.data) for index
    w25q128.o(i.MPU_Get_Accelerometer) refers to w25q128.o(i.read_multiple_icm20948_reg) for read_multiple_icm20948_reg
    w25q128.o(i.MPU_Get_Gyroscope) refers to w25q128.o(i.read_multiple_icm20948_reg) for read_multiple_icm20948_reg
    w25q128.o(i.MPU_Get_Magnetism) refers to w25q128.o(i.i2c_read_multiple_reg) for i2c_read_multiple_reg
    w25q128.o(i.SPIFlash_Erase_Chip) refers to w25q128.o(i.SpiFlash_Write_Enable) for SpiFlash_Write_Enable
    w25q128.o(i.SPIFlash_Erase_Chip) refers to w25q128.o(i.nrf_gpio_pin_clear) for nrf_gpio_pin_clear
    w25q128.o(i.SPIFlash_Erase_Chip) refers to w25q128.o(i.nrf_drv_spi_transfer) for nrf_drv_spi_transfer
    w25q128.o(i.SPIFlash_Erase_Chip) refers to app_error.o(i.app_error_handler_bare) for app_error_handler_bare
    w25q128.o(i.SPIFlash_Erase_Chip) refers to w25q128.o(i.nrf_gpio_pin_set) for nrf_gpio_pin_set
    w25q128.o(i.SPIFlash_Erase_Chip) refers to w25q128.o(i.SpiFlash_Wait_Busy) for SpiFlash_Wait_Busy
    w25q128.o(i.SPIFlash_Erase_Chip) refers to w25q128.o(.data) for spi_xfer_done
    w25q128.o(i.SPIFlash_Erase_Chip) refers to w25q128.o(.constdata) for spi
[...]
    __tagsym$$used                           0x0000b510   Number         0  nrf_log_frontend.o(log_const_data)
    nrf_balloc                               0x0000b518   Section       20  nrf_log_frontend.o(nrf_balloc)
    __tagsym$$used                           0x0000b518   Number         0  nrf_log_frontend.o(nrf_balloc)
    .data                                    0x20000000   Section       38  w25q128.o(.data)
    spi_xfer_done                            0x20000000   Data           1  w25q128.o(.data)
    spi_tx_buf                               0x20000001   Data           6  w25q128.o(.data)
    spi_rx_buf                               0x20000007   Data           6  w25q128.o(.data)
    gyro_scale_factor                        0x20000010   Data           4  w25q128.o(.data)
    accel_scale_factor                       0x20000014   Data           4  w25q128.o(.data)
    reg_val                                  0x20000018   Data           6  w25q128.o(.data)
    reg_val                                  0x2000001e   Data           8  w25q128.o(.data)
    .data                                    0x20000026   Section        1  icm_20948.o(.data)
    .data                                    0x20000028   Section        9  nrf_drv_uart.o(.data)
    m_handlers                               0x20000028   Data           4  nrf_drv_uart.o(.data)
    m_contexts                               0x2000002c   Data           4  nrf_drv_uart.o(.data)
    .data                                    0x20000034   Section        8  nrfx_prs.o(.data)
    m_prs_box_4                              0x20000034   Data           8  nrfx_prs.o(.data)
    .data                                    0x2000003c   Section        8  nrfx_clock.o(.data)
    m_clock_cb                               0x2000003c   Data           8  nrfx_clock.o(.data)
    .data                                    0x20000044   Section        4  app_util_platform.o(.data)
    m_in_critical_region                     0x20000044   Data           4  app_util_platform.o(.data)
    .data                                    0x20000048   Section       27  app_uart_fifo.o(.data)
    app_uart_inst                            0x20000048   Data          20  app_uart_fifo.o(.data)
    m_event_handler                          0x2000005c   Data           4  app_uart_fifo.o(.data)
    tx_buffer                                0x20000060   Data           1  app_uart_fifo.o(.data)
    rx_buffer                                0x20000061   Data           1  app_uart_fifo.o(.data)
    m_rx_ovf                                 0x20000062   Data           1  app_uart_fifo.o(.data)
    .data                                    0x20000064   Section        8  retarget.o(.data)
    .data                                    0x2000006c   Section       12  drv_rtc.o(.data)
    m_handlers                               0x2000006c   Data           4  drv_rtc.o(.data)
    m_cb                                     0x20000070   Data           8  drv_rtc.o(.data)
    .data                                    0x20000078   Section       72  nrf_esb.o(.data)
    m_esb_initialized                        0x20000078   Data           1  nrf_esb.o(.data)
    m_nrf_esb_mainstate                      0x20000079   Data           1  nrf_esb.o(.data)
    mp_current_payload                       0x2000007c   Data           4  nrf_esb.o(.data)
    m_event_handler                          0x20000080   Data           4  nrf_esb.o(.data)
    m_esb_addr                               0x20000084   Data          20  nrf_esb.o(.data)
    m_interrupt_flags                        0x20000098   Data           4  nrf_esb.o(.data)
    m_pids                                   0x2000009c   Data           8  nrf_esb.o(.data)
    m_retransmits_remaining                  0x200000a4   Data           4  nrf_esb.o(.data)
    m_last_tx_attempts                       0x200000a8   Data           4  nrf_esb.o(.data)
    m_wait_for_ack_timeout_us                0x200000ac   Data           4  nrf_esb.o(.data)
    m_radio_shorts_common                    0x200000b0   Data           4  nrf_esb.o(.data)
    on_radio_disabled                        0x200000b4   Data           4  nrf_esb.o(.data)
    on_radio_end                             0x200000b8   Data           4  nrf_esb.o(.data)
    update_rf_payload_format                 0x200000bc   Data           4  nrf_esb.o(.data)
    .data                                    0x200000c0   Section        1  nrf_log_backend_rtt.o(.data)
    m_host_present                           0x200000c0   Data           1  nrf_log_backend_rtt.o(.data)
    .data                                    0x200000c4   Section        8  nrf_log_default_backends.o(.data)
    log_backend_cb_rtt_log_backend           0x200000c4   Data           8  nrf_log_default_backends.o(.data)
    .data                                    0x200000cc   Section       20  nrf_log_frontend.o(.data)
    log_mempool_nrf_balloc_pool_stack        0x200000cc   Data           8  nrf_log_frontend.o(.data)
    log_mempool_nrf_balloc_cb                0x200000d4   Data           8  nrf_log_frontend.o(.data)
    m_buffer_mask                            0x200000dc   Data           4  nrf_log_frontend.o(.data)
    .data                                    0x200000e0   Section       64  nrf_log_str_formatter.o(.data)
    severity_names                           0x200000e0   Data          20  nrf_log_str_formatter.o(.data)
    m_colors                                 0x200000f4   Data          36  nrf_log_str_formatter.o(.data)
    m_freq                                   0x20000118   Data           4  nrf_log_str_formatter.o(.data)
    m_timestamp_div                          0x2000011c   Data           4  nrf_log_str_formatter.o(.data)
    .data                                    0x20000120   Section        4  system_nrf52.o(.data)
    __tagsym$$used                           0x20000120   Number         0  system_nrf52.o(.data)
    .data                                    0x20000124   Section        4  mvars.o(.data)
    .data                                    0x20000128   Section        4  mvars.o(.data)
    .data                                    0x2000012c   Section        4  errno.o(.data)
    _errno                                   0x2000012c   Data           4  errno.o(.data)
    .bss                                     0x20000130   Section      556  main.o(.bss)
    packet                                   0x20000130   Data          12  main.o(.bss)
    data_array                               0x2000013c   Data          32  main.o(.bss)
    rx_buf                                   0x2000015c   Data         256  main.o(.bss)
    tx_buf                                   0x2000025c   Data         256  main.o(.bss)
    .bss                                     0x2000035c   Section      512  w25q128.o(.bss)
    spi_dmp_tx_buf                           0x2000035c   Data         256  w25q128.o(.bss)
    spi_dmp_rx_buf                           0x2000045c   Data         256  w25q128.o(.bss)
    .bss                                     0x2000055c   Section       92  icm_20948.o(.bss)
    .bss                                     0x200005b8   Section       44  nrfx_uart.o(.bss)
    m_cb                                     0x200005b8   Data          44  nrfx_uart.o(.bss)
    .bss                                     0x200005e4   Section       36  nrfx_uarte.o(.bss)
    m_cb                                     0x200005e4   Data          36  nrfx_uarte.o(.bss)
    .bss                                     0x20000608   Section       92  nrfx_gpiote.o(.bss)
    m_cb                                     0x20000608   Data          92  nrfx_gpiote.o(.bss)
    .bss                                     0x20000664   Section       36  nrfx_spim.o(.bss)
    m_cb                                     0x20000664   Data          36  nrfx_spim.o(.bss)
    .bss                                     0x20000688   Section       24  nrf_drv_spi.o(.bss)
    m_handlers                               0x20000688   Data          12  nrf_drv_spi.o(.bss)
    m_contexts                               0x20000694   Data          12  nrf_drv_spi.o(.bss)
    .bss                                     0x200006a0   Section       12  nrfx_timer.o(.bss)
    m_cb                                     0x200006a0   Data          12  nrfx_timer.o(.bss)
    .bss                                     0x200006ac   Section       32  app_uart_fifo.o(.bss)
    m_rx_fifo                                0x200006ac   Data          16  app_uart_fifo.o(.bss)
    m_tx_fifo                                0x200006bc   Data          16  app_uart_fifo.o(.bss)
    .bss                                     0x200006cc   Section       64  nrf_log_backend_rtt.o(.bss)
    m_string_buff                            0x200006cc   Data          64  nrf_log_backend_rtt.o(.bss)
    .bss                                     0x2000070c   Section     1400  nrf_log_frontend.o(.bss)
    log_mempool_nrf_balloc_pool_mem          0x2000070c   Data         192  nrf_log_frontend.o(.bss)
    m_log_push_ringbuf_buf                   0x200007cc   Data         128  nrf_log_frontend.o(.bss)
    m_log_push_ringbuf_cb                    0x2000084c   Data          24  nrf_log_frontend.o(.bss)
    m_log_data                               0x20000864   Data        1056  nrf_log_frontend.o(.bss)
    .bss                                     0x20000c84   Section      648  segger_rtt.o(.bss)
    _acUpBuffer                              0x20000cfc   Data         512  segger_rtt.o(.bss)
    _acDownBuffer                            0x20000efc   Data          16  segger_rtt.o(.bss)
    HEAP                                     0x20000f10   Section     4096  arm_startup_nrf52.o(HEAP)
    STACK                                    0x20001f10   Section     8192  arm_startup_nrf52.o(STACK)

    Global Symbols

    Symbol Name                              Value     Ov Type        Size  Object(Section)

    BuildAttributes$$THM_ISAv4$E$P$D$K$B$S$7EM$VFPi3$EXTD16$VFPS$VFMA$PE$A:L22UL41UL21$X:L11$S22US41US21$IEEE1$IW$USESV6$~STKCKD$USESV7$~SHL$OTIME$ROPI$IEEEX$EBA8$MICROLIB$REQ8$EABIv2 0x00000000   Number         0  anon$$obj.o ABSOLUTE
    __ARM_use_no_argv                        0x00000000   Number         0  main.o ABSOLUTE
    __Vectors                                0x00000000   Data           4  arm_startup_nrf52.o(RESET)
    __cpp_initialize__aeabi_                  - Undefined Weak Reference
    __cxa_finalize                            - Undefined Weak Reference
    _clock_init                               - Undefined Weak Reference
    _microlib_exit                            - Undefined Weak Reference
    log_dynamic_data$$Base                    - Undefined Reference
    __Vectors_End                            0x00000200   Data           0  arm_startup_nrf52.o(RESET)
    __Vectors_Size                           0x00000200   Number         0  arm_startup_nrf52.o ABSOLUTE
    __main                                   0x00000201   Thumb Code     0  entry.o(.ARM.Collect$$$$00000000)
    _main_stk                                0x00000201   Thumb Code     0  entry2.o(.ARM.Collect$$$$00000001)
    _main_scatterload                        0x00000205   Thumb Code     0  entry5.o(.ARM.Collect$$$$00000004)
    __main_after_scatterload                 0x00000209   Thumb Code     0  entry5.o(.ARM.Collect$$$$00000004)
    _main_clock                              0x00000209   Thumb Code     0  entry7b.o(.ARM.Collect$$$$00000008)
    _main_cpp_init                           0x00000209   Thumb Code     0  entry8b.o(.ARM.Collect$$$$0000000A)
    _main_init                               0x00000209   Thumb Code     0  entry9a.o(.ARM.Collect$$$$0000000B)
    __rt_final_cpp                           0x00000211   Thumb Code     0  entry10a.o(.ARM.Collect$$$$0000000D)
    __rt_final_exit                          0x00000211   Thumb Code     0  entry11a.o(.ARM.Collect$$$$0000000F)
    __asm___12_nrf_atomic_c_85ca2469__nrf_atomic_internal_mov 0x00000215   Thumb Code    24  nrf_atomic.o(.emb_text)
    __asm___12_nrf_atomic_c_85ca2469__nrf_atomic_internal_orr 0x0000022d   Thumb Code    26  nrf_atomic.o(.emb_text)
    __asm___12_nrf_atomic_c_85ca2469__nrf_atomic_internal_and 0x00000247   Thumb Code    26  nrf_atomic.o(.emb_text)
    __asm___12_nrf_atomic_c_85ca2469__nrf_atomic_internal_eor 0x00000261   Thumb Code    26  nrf_atomic.o(.emb_text)
    __asm___12_nrf_atomic_c_85ca2469__nrf_atomic_internal_add 0x0000027b   Thumb Code    26  nrf_atomic.o(.emb_text)
    __asm___12_nrf_atomic_c_85ca2469__nrf_atomic_internal_sub 0x00000295   Thumb Code    26  nrf_atomic.o(.emb_text)
    __asm___12_nrf_atomic_c_85ca2469__nrf_atomic_internal_cmp_exch 0x000002af   Thumb Code    42  nrf_atomic.o(.emb_text)
    __asm___12_nrf_atomic_c_85ca2469__nrf_atomic_internal_sub_hs 0x000002d9   Thumb Code    30  nrf_atomic.o(.emb_text)
    Reset_Handler                            0x000002f9   Thumb Code     8  arm_startup_nrf52.o(.text)
    NMI_Handler                              0x00000301   Thumb Code     2  arm_startup_nrf52.o(.text)
    HardFault_Handler                        0x00000303   Thumb Code     2  arm_startup_nrf52.o(.text)
    MemoryManagement_Handler                 0x00000305   Thumb Code     2  arm_startup_nrf52.o(.text)
    BusFault_Handler                         0x00000307   Thumb Code     2  arm_startup_nrf52.o(.text)
    UsageFault_Handler                       0x00000309   Thumb Code     2  arm_startup_nrf52.o(.text)
    SVC_Handler                              0x0000030b   Thumb Code     2  arm_startup_nrf52.o(.text)
    DebugMon_Handler                         0x0000030d   Thumb Code     2  arm_startup_nrf52.o(.text)
    PendSV_Handler                           0x0000030f   Thumb Code     2  arm_startup_nrf52.o(.text)
    SysTick_Handler                          0x00000311   Thumb Code     2  arm_startup_nrf52.o(.text)
    CCM_AAR_IRQHandler                       0x00000313   Thumb Code     0  arm_startup_nrf52.o(.text)
    COMP_LPCOMP_IRQHandler                   0x00000313   Thumb Code     0  arm_startup_nrf52.o(.text)
    ECB_IRQHandler                           0x00000313   Thumb Code     0  arm_startup_nrf52.o(.text)
    FPU_IRQHandler                           0x00000313   Thumb Code     0  arm_startup_nrf52.o(.text)
    I2S_IRQHandler                           0x00000313   Thumb Code     0  arm_startup_nrf52.o(.text)
    MWU_IRQHandler                           0x00000313   Thumb Code     0  arm_startup_nrf52.o(.text)
    NFCT_IRQHandler                          0x00000313   Thumb Code     0  arm_startup_nrf52.o(.text)
    PDM_IRQHandler                           0x00000313   Thumb Code     0  arm_startup_nrf52.o(.text)
    PWM0_IRQHandler                          0x00000313   Thumb Code     0  arm_startup_nrf52.o(.text)
    PWM1_IRQHandler                          0x00000313   Thumb Code     0  arm_startup_nrf52.o(.text)
    PWM2_IRQHandler                          0x00000313   Thumb Code     0  arm_startup_nrf52.o(.text)
    QDEC_IRQHandler                          0x00000313   Thumb Code     0  arm_startup_nrf52.o(.text)
    RNG_IRQHandler                           0x00000313   Thumb Code     0  arm_startup_nrf52.o(.text)
    RTC0_IRQHandler                          0x00000313   Thumb Code     0  arm_startup_nrf52.o(.text)
    RTC2_IRQHandler                          0x00000313   Thumb Code     0  arm_startup_nrf52.o(.text)
    SAADC_IRQHandler                         0x00000313   Thumb Code     0  arm_startup_nrf52.o(.text)
    SPIM1_SPIS1_TWIM1_TWIS1_SPI1_TWI1_IRQHandler 0x00000313   Thumb Code     0  arm_startup_nrf52.o(.text)
    SPIM2_SPIS2_SPI2_IRQHandler              0x00000313   Thumb Code     0  arm_startup_nrf52.o(.text)
    SWI1_EGU1_IRQHandler                     0x00000313   Thumb Code     0  arm_startup_nrf52.o(.text)
    SWI2_EGU2_IRQHandler                     0x00000313   Thumb Code     0  arm_startup_nrf52.o(.text)
    SWI3_EGU3_IRQHandler                     0x00000313   Thumb Code     0  arm_startup_nrf52.o(.text)
    SWI4_EGU4_IRQHandler                     0x00000313   Thumb Code     0  arm_startup_nrf52.o(.text)
    SWI5_EGU5_IRQHandler                     0x00000313   Thumb Code     0  arm_startup_nrf52.o(.text)
    TEMP_IRQHandler                          0x00000313   Thumb Code     0  arm_startup_nrf52.o(.text)
    TIMER1_IRQHandler                        0x00000313   Thumb Code     0  arm_startup_nrf52.o(.text)
    TIMER2_IRQHandler                        0x00000313   Thumb Code     0  arm_startup_nrf52.o(.text)
    TIMER4_IRQHandler                        0x00000313   Thumb Code     0  arm_startup_nrf52.o(.text)
    WDT_IRQHandler                           0x00000313   Thumb Code     0  arm_startup_nrf52.o(.text)
    __aeabi_uldivmod                         0x0000031d   Thumb Code    98  uldiv.o(.text)
    __aeabi_llsl                             0x0000037f   Thumb Code    30  llshl.o(.text)
    _ll_shift_l                              0x0000037f   Thumb Code     0  llshl.o(.text)
    __aeabi_llsr                             0x0000039d   Thumb Code    32  llushr.o(.text)
    _ll_ushift_r                             0x0000039d   Thumb Code     0  llushr.o(.text)
    __rt_ctype_table                         0x000003bd   Thumb Code     4  ctype_o.o(.text)
    __aeabi_memcpy                           0x000003c5   Thumb Code    36  memcpya.o(.text)
    __aeabi_memcpy4                          0x000003c5   Thumb Code     0  memcpya.o(.text)
    __aeabi_memcpy8                          0x000003c5   Thumb Code     0  memcpya.o(.text)
    __aeabi_memset                           0x000003e9   Thumb Code    14  memseta.o(.text)
    __aeabi_memset4                          0x000003e9   Thumb Code     0  memseta.o(.text)
    __aeabi_memset8                          0x000003e9   Thumb Code     0  memseta.o(.text)
    __aeabi_memclr                           0x000003f7   Thumb Code     4  memseta.o(.text)
    __aeabi_memclr4                          0x000003f7   Thumb Code     0  memseta.o(.text)
    __aeabi_memclr8                          0x000003f7   Thumb Code     0  memseta.o(.text)
    _memset$wrapper                          0x000003fb   Thumb Code    18  memseta.o(.text)
    strlen                                   0x0000040d   Thumb Code    14  strlen.o(.text)
    memcmp                                   0x0000041b   Thumb Code    26  memcmp.o(.text)
    __aeabi_dadd                             0x00000435   Thumb Code   322  dadd.o(.text)
    __aeabi_dsub                             0x00000577   Thumb Code     6  dadd.o(.text)
    __aeabi_drsub                            0x0000057d   Thumb Code     6  dadd.o(.text)
    __aeabi_dmul                             0x00000583   Thumb Code   228  dmul.o(.text)
    __aeabi_ddiv                             0x00000667   Thumb Code   222  ddiv.o(.text)
    __aeabi_i2d                              0x00000745   Thumb Code    34  dflti.o(.text)
    __aeabi_cdcmpeq                          0x00000769   Thumb Code     0  cdcmple.o(.text)
    __aeabi_cdcmple                          0x00000769   Thumb Code    48  cdcmple.o(.text)
    __aeabi_cdrcmple                         0x00000799   Thumb Code    48  cdrcmple.o(.text)
    __aeabi_d2f                              0x000007c9   Thumb Code    56  d2f.o(.text)
    __aeabi_lasr                             0x00000801   Thumb Code    36  llsshr.o(.text)
    _ll_sshift_r                             0x00000801   Thumb Code     0  llsshr.o(.text)
    __I$use$fp                               0x00000825   Thumb Code     0  iusefp.o(.text)
    _float_round                             0x00000825   Thumb Code    18  fepilogue.o(.text)
    _float_epilogue                          0x00000837   Thumb Code    92  fepilogue.o(.text)
    _double_round                            0x00000893   Thumb Code    30  depilogue.o(.text)
    _double_epilogue                         0x000008b1   Thumb Code   156  depilogue.o(.text)
    _dsqrt                                   0x0000094d   Thumb Code   162  dsqrt.o(.text)
    __scatterload                            0x000009f1   Thumb Code    28  init.o(.text)
    __scatterload_rt2                        0x000009f1   Thumb Code     0  init.o(.text)
    __decompress                             0x00000a15   Thumb Code     0  __dczerorl2.o(.text)
    __decompress1                            0x00000a15   Thumb Code    86  __dczerorl2.o(.text)
    GPIOTE_IRQHandler                        0x00000a6d   Thumb Code   180  nrfx_gpiote.o(i.GPIOTE_IRQHandler)
    ICM_20948_SPI_begin                      0x00000b29   Thumb Code    68  icm_20948.o(i.ICM_20948_SPI_begin)
    ICM_20948_enableDLPF                     0x00000b81   Thumb Code    26  icm_20948.o(i.ICM_20948_enableDLPF)
    ICM_20948_enableDMP                      0x00000ba5   Thumb Code    34  icm_20948.o(i.ICM_20948_enableDMP)
    ICM_20948_enableDMPSensor                0x00000bd1   Thumb Code    38  icm_20948.o(i.ICM_20948_enableDMPSensor)
    ICM_20948_enableFIFO                     0x00000c01   Thumb Code    22  icm_20948.o(i.ICM_20948_enableFIFO)
    ICM_20948_enable_DMP                     0x00000c21   Thumb Code    94  icm_20948_c.o(i.ICM_20948_enable_DMP)
    ICM_20948_enable_FIFO                    0x00000c7f   Thumb Code    94  icm_20948_c.o(i.ICM_20948_enable_FIFO)
    ICM_20948_enable_dlpf                    0x00000cdd   Thumb Code   264  icm_20948_c.o(i.ICM_20948_enable_dlpf)
    ICM_20948_execute_r                      0x00000de5   Thumb Code    40  icm_20948_c.o(i.ICM_20948_execute_r)
    ICM_20948_execute_w                      0x00000e0d   Thumb Code    42  icm_20948_c.o(i.ICM_20948_execute_w)
    ICM_20948_firmware_load                  0x00000e39   Thumb Code    20  icm_20948_c.o(i.ICM_20948_firmware_load)
    ICM_20948_get_FIFO_count                 0x00000e51   Thumb Code    92  icm_20948_c.o(i.ICM_20948_get_FIFO_count)
    ICM_20948_i2cControllerConfigurePeripheral 0x00000ead   Thumb Code    60  icm_20948.o(i.ICM_20948_i2cControllerConfigurePeripheral)
    ICM_20948_i2cMasterEnable                0x00000ef1   Thumb Code    22  icm_20948.o(i.ICM_20948_i2cMasterEnable)
    ICM_20948_i2cMasterPassthrough           0x00000f11   Thumb Code    22  icm_20948.o(i.ICM_20948_i2cMasterPassthrough)
    ICM_20948_i2cMasterReset                 0x00000f31   Thumb Code    18  icm_20948.o(i.ICM_20948_i2cMasterReset)
    ICM_20948_i2cMasterSingleR               0x00000f4d   Thumb Code    32  icm_20948.o(i.ICM_20948_i2cMasterSingleR)
    ICM_20948_i2cMasterSingleW               0x00000f75   Thumb Code    28  icm_20948.o(i.ICM_20948_i2cMasterSingleW)
    ICM_20948_i2c_controller_configure_peripheral 0x00000f99   Thumb Code   310  icm_20948_c.o(i.ICM_20948_i2c_controller_configure_peripheral)
    ICM_20948_i2c_controller_periph4_txn     0x000010cf   Thumb Code   362  icm_20948_c.o(i.ICM_20948_i2c_controller_periph4_txn)
    ICM_20948_i2c_master_enable              0x00001239   Thumb Code   190  icm_20948_c.o(i.ICM_20948_i2c_master_enable)
    ICM_20948_i2c_master_passthrough         0x000012f7   Thumb Code    78  icm_20948_c.o(i.ICM_20948_i2c_master_passthrough)
    ICM_20948_i2c_master_reset               0x00001345   Thumb Code    78  icm_20948_c.o(i.ICM_20948_i2c_master_reset)
    ICM_20948_i2c_master_single_r            0x00001393   Thumb Code    32  icm_20948_c.o(i.ICM_20948_i2c_master_single_r)
    ICM_20948_i2c_master_single_w            0x000013b3   Thumb Code    34  icm_20948_c.o(i.ICM_20948_i2c_master_single_w)
    ICM_20948_initializeDMP                  0x000013d5   Thumb Code  1148  icm_20948.o(i.ICM_20948_initializeDMP)
    ICM_20948_intEnableRawDataReady          0x00001859   Thumb Code    98  icm_20948.o(i.ICM_20948_intEnableRawDataReady)
    ICM_20948_int_enable                     0x000018c5   Thumb Code   682  icm_20948_c.o(i.ICM_20948_int_enable)
    ICM_20948_loadDMPFirmware                0x00001b71   Thumb Code    30  icm_20948.o(i.ICM_20948_loadDMPFirmware)
    ICM_20948_lowPower                       0x00001b99   Thumb Code    22  icm_20948.o(i.ICM_20948_lowPower)
    ICM_20948_low_power                      0x00001bb9   Thumb Code    86  icm_20948_c.o(i.ICM_20948_low_power)
    ICM_20948_magWhoIAm                      0x00001c11   Thumb Code    68  icm_20948.o(i.ICM_20948_magWhoIAm)
    ICM_20948_readDMPdataFromFIFO            0x00001c59   Thumb Code    34  icm_20948.o(i.ICM_20948_readDMPdataFromFIFO)
    ICM_20948_readMag                        0x00001c85   Thumb Code    18  icm_20948.o(i.ICM_20948_readMag)
    ICM_20948_read_FIFO                      0x00001c97   Thumb Code    54  icm_20948_c.o(i.ICM_20948_read_FIFO)
    ICM_20948_read_SPI                       0x00001ccd   Thumb Code    28  icm_20948.o(i.ICM_20948_read_SPI)
    ICM_20948_resetDMP                       0x00001ce9   Thumb Code    18  icm_20948.o(i.ICM_20948_resetDMP)
    ICM_20948_resetFIFO                      0x00001d05   Thumb Code    18  icm_20948.o(i.ICM_20948_resetFIFO)
    ICM_20948_resetMag                       0x00001d21   Thumb Code    24  icm_20948.o(i.ICM_20948_resetMag)
    ICM_20948_reset_DMP                      0x00001d3d   Thumb Code    78  icm_20948_c.o(i.ICM_20948_reset_DMP)
    ICM_20948_reset_FIFO                     0x00001d8b   Thumb Code   110  icm_20948_c.o(i.ICM_20948_reset_FIFO)
    ICM_20948_setBank                        0x00001df9   Thumb Code    22  icm_20948.o(i.ICM_20948_setBank)
    ICM_20948_setClockSource                 0x00001e19   Thumb Code    22  icm_20948.o(i.ICM_20948_setClockSource)
    ICM_20948_setDLPFcfg                     0x00001e39   Thumb Code    24  icm_20948.o(i.ICM_20948_setDLPFcfg)
    ICM_20948_setDMPODRrate                  0x00001e59   Thumb Code    38  icm_20948.o(i.ICM_20948_setDMPODRrate)
    ICM_20948_setDMPstartAddress             0x00001e89   Thumb Code    34  icm_20948.o(i.ICM_20948_setDMPstartAddress)
    ICM_20948_setFullScale                   0x00001eb5   Thumb Code    24  icm_20948.o(i.ICM_20948_setFullScale)
    ICM_20948_setGyroSF                      0x00001ed5   Thumb Code    38  icm_20948.o(i.ICM_20948_setGyroSF)
    ICM_20948_setSampleMode                  0x00001f05   Thumb Code    32  icm_20948.o(i.ICM_20948_setSampleMode)
    ICM_20948_setSampleRate                  0x00001f2d   Thumb Code    24  icm_20948.o(i.ICM_20948_setSampleRate)
    ICM_20948_set_bank                       0x00001f4d   Thumb Code    62  icm_20948_c.o(i.ICM_20948_set_bank)
    ICM_20948_set_clock_source               0x00001f8b   Thumb Code    70  icm_20948_c.o(i.ICM_20948_set_clock_source)
    ICM_20948_set_dlpf_cfg                   0x00001fd1   Thumb Code   214  icm_20948_c.o(i.ICM_20948_set_dlpf_cfg)
    ICM_20948_set_dmp_start_address          0x000020a7   Thumb Code    62  icm_20948_c.o(i.ICM_20948_set_dmp_start_address)
    ICM_20948_set_full_scale                 0x000020e5   Thumb Code   224  icm_20948_c.o(i.ICM_20948_set_full_scale)
    ICM_20948_set_sample_mode                0x000021c5   Thumb Code   208  icm_20948_c.o(i.ICM_20948_set_sample_mode)
    ICM_20948_set_sample_rate                0x00002295   Thumb Code   126  icm_20948_c.o(i.ICM_20948_set_sample_rate)
    ICM_20948_sleep                          0x00002313   Thumb Code    86  icm_20948_c.o(i.ICM_20948_sleep)
    ICM_20948_sleep_                         0x00002369   Thumb Code    22  icm_20948.o(i.ICM_20948_sleep_)
    ICM_20948_startupDefault                 0x00002389   Thumb Code   280  icm_20948.o(i.ICM_20948_startupDefault)
    ICM_20948_startupMagnetometer            0x00002675   Thumb Code   172  icm_20948.o(i.ICM_20948_startupMagnetometer)
    ICM_20948_swReset                        0x00002725   Thumb Code    18  icm_20948.o(i.ICM_20948_swReset)
    ICM_20948_sw_reset                       0x00002741   Thumb Code    70  icm_20948_c.o(i.ICM_20948_sw_reset)
    ICM_20948_write                          0x00002789   Thumb Code    30  icm_20948.o(i.ICM_20948_write)
    ICM_20948_writeDMPmems                   0x000027b1   Thumb Code    42  icm_20948.o(i.ICM_20948_writeDMPmems)
    ICM_20948_writeMag                       0x000027e5   Thumb Code    26  icm_20948.o(i.ICM_20948_writeMag)
    ICM_20948_write_SPI                      0x00002805   Thumb Code    28  icm_20948.o(i.ICM_20948_write_SPI)
    POWER_CLOCK_IRQHandler                   0x00002821   Thumb Code    80  nrfx_clock.o(i.POWER_CLOCK_IRQHandler)
    RADIO_IRQHandler                         0x00002875   Thumb Code   102  nrf_esb.o(i.RADIO_IRQHandler)
    RTC1_IRQHandler                          0x000028ed   Thumb Code    14  drv_rtc.o(i.RTC1_IRQHandler)
    SEGGER_RTT_WriteNoLock                   0x00002905   Thumb Code   126  segger_rtt.o(i.SEGGER_RTT_WriteNoLock)
    SPIM0_SPIS0_TWIM0_TWIS0_SPI0_TWI0_IRQHandler 0x00002989   Thumb Code    12  nrfx_spim.o(i.SPIM0_SPIS0_TWIM0_TWIS0_SPI0_TWI0_IRQHandler)
    SPI_Flash_Init                           0x0000299d   Thumb Code   122  w25q128.o(i.SPI_Flash_Init)
    SWI0_EGU0_IRQHandler                     0x00002a25   Thumb Code    92  nrf_esb.o(i.SWI0_EGU0_IRQHandler)
    Serif_t_initialize                       0x00002a89   Thumb Code     4  icm_20948.o(i.Serif_t_initialize)
    SystemCoreClockUpdate                    0x00002a8d   Thumb Code     8  system_nrf52.o(i.SystemCoreClockUpdate)
    SystemInit                               0x00002a9d   Thumb Code   596  system_nrf52.o(i.SystemInit)
    TIMER0_IRQHandler                        0x00002d35   Thumb Code    14  nrfx_timer.o(i.TIMER0_IRQHandler)
    TIMER3_IRQHandler                        0x00002d4d   Thumb Code    28  nrf_esb.o(i.TIMER3_IRQHandler)
    UARTE0_UART0_IRQHandler                  0x00002d75   Thumb Code    10  nrfx_prs.o(i.UARTE0_UART0_IRQHandler)
    __0printf$bare                           0x00002e61   Thumb Code     8  printfb.o(i.__0printf$bare)
    __1printf$bare                           0x00002e61   Thumb Code     0  printfb.o(i.__0printf$bare)
    __2printf                                0x00002e61   Thumb Code     0  printfb.o(i.__0printf$bare)
    __ARM_fpclassify                         0x00002e71   Thumb Code    48  fpclassify.o(i.__ARM_fpclassify)
    __hardfp_asin                            0x00002f01   Thumb Code   770  asin.o(i.__hardfp_asin)
    __hardfp_atan                            0x00003261   Thumb Code   622  atan.o(i.__hardfp_atan)
    __hardfp_atan2                           0x00003539   Thumb Code   432  atan2.o(i.__hardfp_atan2)
    __hardfp_sqrt                            0x00003729   Thumb Code   122  sqrt.o(i.__hardfp_sqrt)
    __kernel_poly                            0x000037a3   Thumb Code   248  poly.o(i.__kernel_poly)
    __mathlib_dbl_infnan                     0x0000389b   Thumb Code    20  dunder.o(i.__mathlib_dbl_infnan)
    __mathlib_dbl_infnan2                    0x000038af   Thumb Code    20  dunder.o(i.__mathlib_dbl_infnan2)
    __mathlib_dbl_invalid                    0x000038c9   Thumb Code    24  dunder.o(i.__mathlib_dbl_invalid)
    __mathlib_dbl_underflow                  0x000038e9   Thumb Code    24  dunder.o(i.__mathlib_dbl_underflow)
    __scatterload_copy                       0x00003909   Thumb Code    14  handlers.o(i.__scatterload_copy)
    __scatterload_null                       0x00003917   Thumb Code     2  handlers.o(i.__scatterload_null)
    __scatterload_zeroinit                   0x00003919   Thumb Code    14  handlers.o(i.__scatterload_zeroinit)
    __set_errno                              0x00003929   Thumb Code     6  errno.o(i.__set_errno)
    app_error_fault_handler                  0x00003959   Thumb Code   144  app_error_weak.o(i.app_error_fault_handler)
    app_error_handler_bare                   0x00003a15   Thumb Code    28  app_error.o(i.app_error_handler_bare)
    app_fifo_get                             0x00003a31   Thumb Code    30  app_fifo.o(i.app_fifo_get)
    app_fifo_put                             0x00003a4f   Thumb Code    34  app_fifo.o(i.app_fifo_put)
    app_uart_put                             0x00003a71   Thumb Code    90  app_uart_fifo.o(i.app_uart_put)
    app_util_critical_region_enter           0x00003add   Thumb Code    10  app_util_platform.o(i.app_util_critical_region_enter)
    app_util_critical_region_exit            0x00003ae7   Thumb Code    10  app_util_platform.o(i.app_util_critical_region_exit)
    app_util_disable_irq                     0x00003af1   Thumb Code    14  app_util_platform.o(i.app_util_disable_irq)
    app_util_enable_irq                      0x00003b05   Thumb Code    20  app_util_platform.o(i.app_util_enable_irq)
    atan                                     0x00003b1d   Thumb Code    16  atan.o(i.atan)
    buffer_is_empty                          0x00003c3d   Thumb Code    20  nrf_log_frontend.o(i.buffer_is_empty)
    clock_initialization                     0x00003c9d   Thumb Code    56  main.o(i.clock_initialization)
    fabs                                     0x00003cf5   Thumb Code    24  fabs.o(i.fabs)
    fputc                                    0x00003d81   Thumb Code    16  retarget.o(i.fputc)
    free                                     0x00003d91   Thumb Code    76  malloc.o(i.free)
    inv_icm20948_enable_dmp_sensor           0x00003ea1   Thumb Code   596  icm_20948_c.o(i.inv_icm20948_enable_dmp_sensor)
    inv_icm20948_firmware_load               0x00004105   Thumb Code   262  icm_20948_c.o(i.inv_icm20948_firmware_load)
    inv_icm20948_read_dmp_data               0x0000420d   Thumb Code  2072  icm_20948_c.o(i.inv_icm20948_read_dmp_data)
    inv_icm20948_read_mems                   0x00004a2d   Thumb Code   168  icm_20948_c.o(i.inv_icm20948_read_mems)
    inv_icm20948_set_dmp_sensor_period       0x00004ad5   Thumb Code   492  icm_20948_c.o(i.inv_icm20948_set_dmp_sensor_period)
    inv_icm20948_set_gyro_sf                 0x00004cc1   Thumb Code   366  icm_20948_c.o(i.inv_icm20948_set_gyro_sf)
    inv_icm20948_write_mems                  0x00004e39   Thumb Code   250  icm_20948_c.o(i.inv_icm20948_write_mems)
    main                                     0x000050ed   Thumb Code  1362  main.o(i.main)
    malloc                                   0x00005655   Thumb Code    92  malloc.o(i.malloc)
    nrf_atomic_flag_clear_fetch              0x00005b2d   Thumb Code    14  nrf_atomic.o(i.nrf_atomic_flag_clear_fetch)
    nrf_atomic_flag_set                      0x00005b3b   Thumb Code    14  nrf_atomic.o(i.nrf_atomic_flag_set)
    nrf_atomic_u32_add                       0x00005b49   Thumb Code    22  nrf_atomic.o(i.nrf_atomic_u32_add)
    nrf_atomic_u32_fetch_and                 0x00005b5f   Thumb Code    22  nrf_atomic.o(i.nrf_atomic_u32_fetch_and)
    nrf_atomic_u32_fetch_store               0x00005b75   Thumb Code    22  nrf_atomic.o(i.nrf_atomic_u32_fetch_store)
    nrf_atomic_u32_or                        0x00005b8b   Thumb Code    22  nrf_atomic.o(i.nrf_atomic_u32_or)
    nrf_atomic_u32_sub                       0x00005ba1   Thumb Code    22  nrf_atomic.o(i.nrf_atomic_u32_sub)
    nrf_balloc_alloc                         0x00005bb7   Thumb Code    76  nrf_balloc.o(i.nrf_balloc_alloc)
    nrf_balloc_free                          0x00005c13   Thumb Code    42  nrf_balloc.o(i.nrf_balloc_free)
    nrf_drv_spi_init                         0x00005cc1   Thumb Code   120  nrf_drv_spi.o(i.nrf_drv_spi_init)
    nrf_fprintf                              0x00005e01   Thumb Code    42  nrf_fprintf.o(i.nrf_fprintf)
    nrf_fprintf_buffer_flush                 0x00005e2b   Thumb Code    28  nrf_fprintf.o(i.nrf_fprintf_buffer_flush)
    nrf_fprintf_fmt                          0x00005e47   Thumb Code   496  nrf_fprintf_format.o(i.nrf_fprintf_fmt)
    nrf_log_backend_serial_put               0x000061bd   Thumb Code   242  nrf_log_backend_serial.o(i.nrf_log_backend_serial_put)
    nrf_log_color_id_get                     0x000062b1   Thumb Code    52  nrf_log_frontend.o(i.nrf_log_color_id_get)
    nrf_log_frontend_dequeue                 0x000062e9   Thumb Code   748  nrf_log_frontend.o(i.nrf_log_frontend_dequeue)
    nrf_log_frontend_std_0                   0x000065fd   Thumb Code    20  nrf_log_frontend.o(i.nrf_log_frontend_std_0)
    nrf_log_hexdump_entry_process            0x00006611   Thumb Code   164  nrf_log_str_formatter.o(i.nrf_log_hexdump_entry_process)
    nrf_log_module_cnt_get                   0x000066cd   Thumb Code    10  nrf_log_frontend.o(i.nrf_log_module_cnt_get)
    nrf_log_module_name_get                  0x000066e1   Thumb Code    30  nrf_log_frontend.o(i.nrf_log_module_name_get)
    nrf_log_panic                            0x00006705   Thumb Code    48  nrf_log_frontend.o(i.nrf_log_panic)
    nrf_log_std_entry_process                0x00006739   Thumb Code   200  nrf_log_str_formatter.o(i.nrf_log_std_entry_process)
    nrf_memobj_alloc                         0x00006801   Thumb Code   122  nrf_memobj.o(i.nrf_memobj_alloc)
    nrf_memobj_free                          0x0000687b   Thumb Code    64  nrf_memobj.o(i.nrf_memobj_free)
    nrf_memobj_get                           0x000068bb   Thumb Code    16  nrf_memobj.o(i.nrf_memobj_get)
    nrf_memobj_put                           0x000068cb   Thumb Code    30  nrf_memobj.o(i.nrf_memobj_put)
    nrf_memobj_read                          0x000068e9   Thumb Code    34  nrf_memobj.o(i.nrf_memobj_read)
    nrf_memobj_write                         0x0000690b   Thumb Code    34  nrf_memobj.o(i.nrf_memobj_write)
    nrfx_prs_acquire                         0x000069ef   Thumb Code    72  nrfx_prs.o(i.nrfx_prs_acquire)
    nrfx_spim_init                           0x00006a39   Thumb Code   444  nrfx_spim.o(i.nrfx_spim_init)
    nrfx_spim_xfer                           0x00006c05   Thumb Code   104  nrfx_spim.o(i.nrfx_spim_xfer)
    nrfx_uart_tx                             0x00006c71   Thumb Code   134  nrfx_uart.o(i.nrfx_uart_tx)
    nrfx_uart_tx_in_progress                 0x00006cfd   Thumb Code    30  nrfx_uart.o(i.nrfx_uart_tx_in_progress)
    nrfx_uarte_tx                            0x00006d21   Thumb Code   188  nrfx_uarte.o(i.nrfx_uarte_tx)
    nrfx_uarte_tx_in_progress                0x00006de1   Thumb Code    26  nrfx_uarte.o(i.nrfx_uarte_tx_in_progress)
    radio_configure                          0x00006fe5   Thumb Code   218  radio_config.o(i.radio_configure)
    read_multiple_spi                        0x000070d5   Thumb Code   158  w25q128.o(i.read_multiple_spi)
    sensor_type_2_android_sensor             0x00007185   Thumb Code   114  icm_20948_c.o(i.sensor_type_2_android_sensor)
    spi_event_handler                        0x0000727d   Thumb Code     8  w25q128.o(i.spi_event_handler)
    sqrt                                     0x000073d9   Thumb Code   110  sqrt.o(i.sqrt)
    write_multiple_spi                       0x000076cd   Thumb Code   126  w25q128.o(i.write_multiple_spi)
    SIMPLE_TIMER1                            0x00007760   Data           8  main.o(.constdata)
    MAX_MAGNETOMETER_STARTS                  0x000077d0   Data           1  icm_20948.o(.constdata)
    nrf_log_backend_rtt_api                  0x00007880   Data          12  nrf_log_backend_rtt.o(.constdata)
    DMP_Quat9_Byte_Ordering                  0x0000b06c   Data          56  icm_20948_c.o(.constdata)
    DMP_Quat6_Byte_Ordering                  0x0000b0a4   Data          48  icm_20948_c.o(.constdata)
    DMP_PQuat6_Byte_Ordering                 0x0000b0d4   Data          24  icm_20948_c.o(.constdata)
    DMP_Raw_Gyro_Byte_Ordering               0x0000b0ec   Data          48  icm_20948_c.o(.constdata)
    DMP_Activity_Recognition_Byte_Ordering   0x0000b11c   Data          24  icm_20948_c.o(.constdata)
    DMP_Secondary_On_Off_Byte_Ordering       0x0000b134   Data           8  icm_20948_c.o(.constdata)
    inv_androidSensor_to_control_bits        0x0000b13c   Data          88  icm_20948_c.o(.constdata)
    NullSerif                                0x0000b194   Data          12  icm_20948_c.o(.constdata)
    __ctype_table                            0x0000b220   Data         129  ctype_o.o(.constdata)
    __mathlib_zero                           0x0000b340   Data           8  qnan.o(.constdata)
    Region$$Table$$Base                      0x0000b488   Number         0  anon$$obj.o(Region$$Table)
    Region$$Table$$Limit                     0x0000b4a8   Number         0  anon$$obj.o(Region$$Table)
    log_const_data$$Base                     0x0000b4b8   Number         0  nrfx_prs.o(log_const_data)
    m_nrf_log_PRS_logs_data_const            0x0000b4b8   Data           8  nrfx_prs.o(log_const_data)
    m_nrf_log_UART_logs_data_const           0x0000b4c0   Data           8  nrfx_uart.o(log_const_data)
    m_nrf_log_UARTE_logs_data_const          0x0000b4c8   Data           8  nrfx_uarte.o(log_const_data)
    m_nrf_log_clock_logs_data_const          0x0000b4d0   Data           8  nrf_drv_clock.o(log_const_data)
    m_nrf_log_CLOCK_logs_data_const          0x0000b4d8   Data           8  nrfx_clock.o(log_const_data)
    m_nrf_log_GPIOTE_logs_data_const         0x0000b4e0   Data           8  nrfx_gpiote.o(log_const_data)
    m_nrf_log_SPIM_logs_data_const           0x0000b4e8   Data           8  nrfx_spim.o(log_const_data)
    m_nrf_log_TIMER_logs_data_const          0x0000b4f0   Data           8  nrfx_timer.o(log_const_data)
    m_nrf_log_app_timer_logs_data_const      0x0000b4f8   Data           8  app_timer2.o(log_const_data)
    m_nrf_log_sortlist_logs_data_const       0x0000b500   Data           8  nrf_sortlist.o(log_const_data)
    m_nrf_log_app_button_logs_data_const     0x0000b508   Data           8  app_button.o(log_const_data)
    m_nrf_log_app_logs_data_const            0x0000b510   Data           8  nrf_log_frontend.o(log_const_data)
    log_const_data$$Limit                    0x0000b518   Number         0  nrf_log_frontend.o(log_const_data)
    log_mempool                              0x0000b518   Data          20  nrf_log_frontend.o(nrf_balloc)
    status                                   0x20000026   Data           1  icm_20948.o(.data)
    nrf_drv_uart_use_easy_dma                0x20000030   Data           1  nrf_drv_uart.o(.data)
    __stdout                                 0x20000064   Data           4  retarget.o(.data)
    __stdin                                  0x20000068   Data           4  retarget.o(.data)
    SystemCoreClock                          0x20000120   Data           4  system_nrf52.o(.data)
    __microlib_freelist                      0x20000124   Data           4  mvars.o(.data)
    __microlib_freelist_initialised          0x20000128   Data           4  mvars.o(.data)
    _device                                  0x2000055c   Data          44  icm_20948.o(.bss)
    agmt                                     0x20000588   Data          24  icm_20948.o(.bss)
    I2C_serif                                0x200005a0   Data          12  icm_20948.o(.bss)
    SPI_serif                                0x200005ac   Data          12  icm_20948.o(.bss)
    _SEGGER_RTT                              0x20000c84   Data         120  segger_rtt.o(.bss)
    __heap_base                              0x20000f10   Data           0  arm_startup_nrf52.o(HEAP)
    __heap_limit                             0x20001f10   Data           0  arm_startup_nrf52.o(HEAP)
    __initial_sp                             0x20003f10   Data           0  arm_startup_nrf52.o(STACK)



==============================================================================

Memory Map of the image

  Image Entry point : 0x00000201

  Load Region LR_IROM1 (Base: 0x00000000, Size: 0x0000b65c, Max: 0x00080000, ABSOLUTE, COMPRESSED[0x0000b580])

    Execution Region ER_IROM1 (Exec base: 0x00000000, Load base: 0x00000000, Size: 0x0000b52c, Max: 0x00080000, ABSOLUTE)

    Exec Addr    Load Addr    Size         Type   Attr      Idx    E Section Name        Object

    0x00000000   0x00000000   0x00000200   Data   RO         6040    RESET               arm_startup_nrf52.o
    0x00000200   0x00000200   0x00000000   Code   RO         7969  * .ARM.Collect$$$$00000000  mc_w.l(entry.o)
    0x00000200   0x00000200   0x00000004   Code   RO         8361    .ARM.Collect$$$$00000001  mc_w.l(entry2.o)
    0x00000204   0x00000204   0x00000004   Code   RO         8364    .ARM.Collect$$$$00000004  mc_w.l(entry5.o)
    0x00000208   0x00000208   0x00000000   Code   RO         8366    .ARM.Collect$$$$00000008  mc_w.l(entry7b.o)
    0x00000208   0x00000208   0x00000000   Code   RO         8368    .ARM.Collect$$$$0000000A  mc_w.l(entry8b.o)
    0x00000208   0x00000208   0x00000008   Code   RO         8369    .ARM.Collect$$$$0000000B  mc_w.l(entry9a.o)
    0x00000210   0x00000210   0x00000000   Code   RO         8371    .ARM.Collect$$$$0000000D  mc_w.l(entry10a.o)
    0x00000210   0x00000210   0x00000000   Code   RO         8373    .ARM.Collect$$$$0000000F  mc_w.l(entry11a.o)
    0x00000210   0x00000210   0x00000004   Code   RO         8362    .ARM.Collect$$$$00002712  mc_w.l(entry2.o)
    0x00000214   0x00000214   0x000000e2   Code   RO         3704    .emb_text           nrf_atomic.o
    0x000002f6   0x000002f6   0x00000002   PAD
    0x000002f8   0x000002f8   0x00000024   Code   RO         6041    .text               arm_startup_nrf52.o
    0x0000031c   0x0000031c   0x00000062   Code   RO         7972    .text               mc_w.l(uldiv.o)
    0x0000037e   0x0000037e   0x0000001e   Code   RO         7974    .text               mc_w.l(llshl.o)
    0x0000039c   0x0000039c   0x00000020   Code   RO         7976    .text               mc_w.l(llushr.o)
    0x000003bc   0x000003bc   0x00000008   Code   RO         7978    .text               mc_w.l(ctype_o.o)
    0x000003c4   0x000003c4   0x00000024   Code   RO         8006    .text               mc_w.l(memcpya.o)
    0x000003e8   0x000003e8   0x00000024   Code   RO         8008    .text               mc_w.l(memseta.o)
    0x0000040c   0x0000040c   0x0000000e   Code   RO         8010    .text               mc_w.l(strlen.o)
    0x0000041a   0x0000041a   0x0000001a   Code   RO         8012    .text               mc_w.l(memcmp.o)
    0x00000434   0x00000434   0x0000014e   Code   RO         8306    .text               mf_w.l(dadd.o)
    0x00000582   0x00000582   0x000000e4   Code   RO         8308    .text               mf_w.l(dmul.o)
    0x00000666   0x00000666   0x000000de   Code   RO         8310    .text               mf_w.l(ddiv.o)
    0x00000744   0x00000744   0x00000022   Code   RO         8312    .text               mf_w.l(dflti.o)
    0x00000766   0x00000766   0x00000002   PAD
    0x00000768   0x00000768   0x00000030   Code   RO         8316    .text               mf_w.l(cdcmple.o)
    0x00000798   0x00000798   0x00000030   Code   RO         8318    .text               mf_w.l(cdrcmple.o)
    0x000007c8   0x000007c8   0x00000038   Code   RO         8320    .text               mf_w.l(d2f.o)
    0x00000800   0x00000800   0x00000024   Code   RO         8377    .text               mc_w.l(llsshr.o)
    0x00000824   0x00000824   0x00000000   Code   RO         8388    .text               mc_w.l(iusefp.o)
    0x00000824   0x00000824   0x0000006e   Code   RO         8389    .text               mf_w.l(fepilogue.o)
    0x00000892   0x00000892   0x000000ba   Code   RO         8391    .text               mf_w.l(depilogue.o)
    0x0000094c   0x0000094c   0x000000a2   Code   RO         8395    .text               mf_w.l(dsqrt.o)
    0x000009ee   0x000009ee   0x00000002   PAD
    0x000009f0   0x000009f0   0x00000024   Code   RO         8399    .text               mc_w.l(init.o)
    0x00000a14   0x00000a14   0x00000056   Code   RO         8409    .text               mc_w.l(__dczerorl2.o)
    0x00000a6a   0x00000a6a   0x00000002   PAD
    0x00000a6c   0x00000a6c   0x000000bc   Code   RO         2462    i.GPIOTE_IRQHandler  nrfx_gpiote.o
    0x00000b28   0x00000b28   0x00000058   Code   RO          739    i.ICM_20948_SPI_begin  icm_20948.o
    0x00000b80   0x00000b80   0x00000024   Code   RO          753    i.ICM_20948_enableDLPF  icm_20948.o
    0x00000ba4   0x00000ba4   0x0000002c   Code   RO          754    i.ICM_20948_enableDMP  icm_20948.o
    0x00000bd0   0x00000bd0   0x00000030   Code   RO          755    i.ICM_20948_enableDMPSensor  icm_20948.o
    0x00000c00   0x00000c00   0x00000020   Code   RO          757    i.ICM_20948_enableFIFO  icm_20948.o
    0x00000c20   0x00000c20   0x0000005e   Code   RO         5740    i.ICM_20948_enable_DMP  icm_20948_c.o
    0x00000c7e   0x00000c7e   0x0000005e   Code   RO         5741    i.ICM_20948_enable_FIFO  icm_20948_c.o
    0x00000cdc   0x00000cdc   0x00000108   Code   RO         5742    i.ICM_20948_enable_dlpf  icm_20948_c.o
    0x00000de4   0x00000de4   0x00000028   Code   RO         5743    i.ICM_20948_execute_r  icm_20948_c.o
    0x00000e0c   0x00000e0c   0x0000002a   Code   RO         5744    i.ICM_20948_execute_w  icm_20948_c.o
    0x00000e36   0x00000e36   0x00000002   PAD
    0x00000e38   0x00000e38   0x00000018   Code   RO         5745    i.ICM_20948_firmware_load  icm_20948_c.o
    0x00000e50   0x00000e50   0x0000005c   Code   RO         5746    i.ICM_20948_get_FIFO_count  icm_20948_c.o
    0x00000eac   0x00000eac   0x00000044   Code   RO          768    i.ICM_20948_i2cControllerConfigurePeripheral  icm_20948.o
    0x00000ef0   0x00000ef0   0x00000020   Code   RO          771    i.ICM_20948_i2cMasterEnable  icm_20948.o
    0x00000f10   0x00000f10   0x00000020   Code   RO          772    i.ICM_20948_i2cMasterPassthrough  icm_20948.o
    0x00000f30   0x00000f30   0x0000001c   Code   RO          773    i.ICM_20948_i2cMasterReset  icm_20948.o
    0x00000f4c   0x00000f4c   0x00000028   Code   RO          775    i.ICM_20948_i2cMasterSingleR  icm_20948.o
    0x00000f74   0x00000f74   0x00000024   Code   RO          776    i.ICM_20948_i2cMasterSingleW  icm_20948.o
    0x00000f98   0x00000f98   0x00000136   Code   RO         5749    i.ICM_20948_i2c_controller_configure_peripheral  icm_20948_c.o
    0x000010ce   0x000010ce   0x0000016a   Code   RO         5750    i.ICM_20948_i2c_controller_periph4_txn  icm_20948_c.o
    0x00001238   0x00001238   0x000000be   Code   RO         5751    i.ICM_20948_i2c_master_enable  icm_20948_c.o
    0x000012f6   0x000012f6   0x0000004e   Code   RO         5752    i.ICM_20948_i2c_master_passthrough  icm_20948_c.o
    0x00001344   0x00001344   0x0000004e   Code   RO         5753    i.ICM_20948_i2c_master_reset  icm_20948_c.o
    0x00001392   0x00001392   0x00000020   Code   RO         5754    i.ICM_20948_i2c_master_single_r  icm_20948_c.o
    0x000013b2   0x000013b2   0x00000022   Code   RO         5755    i.ICM_20948_i2c_master_single_w  icm_20948_c.o
    0x000013d4   0x000013d4   0x00000484   Code   RO          777    i.ICM_20948_initializeDMP  icm_20948.o
    0x00001858   0x00001858   0x0000006c   Code   RO          782    i.ICM_20948_intEnableRawDataReady  icm_20948.o
    0x000018c4   0x000018c4   0x000002aa   Code   RO         5757    i.ICM_20948_int_enable  icm_20948_c.o
    0x00001b6e   0x00001b6e   0x00000002   PAD
    0x00001b70   0x00001b70   0x00000028   Code   RO          787    i.ICM_20948_loadDMPFirmware  icm_20948.o
    0x00001b98   0x00001b98   0x00000020   Code   RO          788    i.ICM_20948_lowPower  icm_20948.o
    0x00001bb8   0x00001bb8   0x00000056   Code   RO         5760    i.ICM_20948_low_power  icm_20948_c.o
    0x00001c0e   0x00001c0e   0x00000002   PAD
    0x00001c10   0x00001c10   0x00000048   Code   RO          789    i.ICM_20948_magWhoIAm  icm_20948.o
    0x00001c58   0x00001c58   0x0000002c   Code   RO          794    i.ICM_20948_readDMPdataFromFIFO  icm_20948.o
    0x00001c84   0x00001c84   0x00000012   Code   RO          797    i.ICM_20948_readMag  icm_20948.o
    0x00001c96   0x00001c96   0x00000036   Code   RO         5761    i.ICM_20948_read_FIFO  icm_20948_c.o
    0x00001ccc   0x00001ccc   0x0000001c   Code   RO          799    i.ICM_20948_read_SPI  icm_20948.o
    0x00001ce8   0x00001ce8   0x0000001c   Code   RO          800    i.ICM_20948_resetDMP  icm_20948.o
    0x00001d04   0x00001d04   0x0000001c   Code   RO          801    i.ICM_20948_resetFIFO  icm_20948.o
    0x00001d20   0x00001d20   0x0000001c   Code   RO          802    i.ICM_20948_resetMag  icm_20948.o
    0x00001d3c   0x00001d3c   0x0000004e   Code   RO         5762    i.ICM_20948_reset_DMP  icm_20948_c.o
    0x00001d8a   0x00001d8a   0x0000006e   Code   RO         5763    i.ICM_20948_reset_FIFO  icm_20948_c.o
    0x00001df8   0x00001df8   0x00000020   Code   RO          803    i.ICM_20948_setBank  icm_20948.o
    0x00001e18   0x00001e18   0x00000020   Code   RO          804    i.ICM_20948_setClockSource  icm_20948.o
    0x00001e38   0x00001e38   0x00000020   Code   RO          805    i.ICM_20948_setDLPFcfg  icm_20948.o
    0x00001e58   0x00001e58   0x00000030   Code   RO          806    i.ICM_20948_setDMPODRrate  icm_20948.o
    0x00001e88   0x00001e88   0x0000002c   Code   RO          807    i.ICM_20948_setDMPstartAddress  icm_20948.o
    0x00001eb4   0x00001eb4   0x00000020   Code   RO          809    i.ICM_20948_setFullScale  icm_20948.o
    0x00001ed4   0x00001ed4   0x00000030   Code   RO          810    i.ICM_20948_setGyroSF  icm_20948.o
    0x00001f04   0x00001f04   0x00000028   Code   RO          811    i.ICM_20948_setSampleMode  icm_20948.o
    0x00001f2c   0x00001f2c   0x00000020   Code   RO          812    i.ICM_20948_setSampleRate  icm_20948.o
    0x00001f4c   0x00001f4c   0x0000003e   Code   RO         5765    i.ICM_20948_set_bank  icm_20948_c.o
    0x00001f8a   0x00001f8a   0x00000046   Code   RO         5766    i.ICM_20948_set_clock_source  icm_20948_c.o
    0x00001fd0   0x00001fd0   0x000000d6   Code   RO         5767    i.ICM_20948_set_dlpf_cfg  icm_20948_c.o
    0x000020a6   0x000020a6   0x0000003e   Code   RO         5768    i.ICM_20948_set_dmp_start_address  icm_20948_c.o
    0x000020e4   0x000020e4   0x000000e0   Code   RO         5769    i.ICM_20948_set_full_scale  icm_20948_c.o
    0x000021c4   0x000021c4   0x000000d0   Code   RO         5770    i.ICM_20948_set_sample_mode  icm_20948_c.o
    0x00002294   0x00002294   0x0000007e   Code   RO         5771    i.ICM_20948_set_sample_rate  icm_20948_c.o
    0x00002312   0x00002312   0x00000056   Code   RO         5772    i.ICM_20948_sleep   icm_20948_c.o
    0x00002368   0x00002368   0x00000020   Code   RO          813    i.ICM_20948_sleep_  icm_20948.o
    0x00002388   0x00002388   0x000002ec   Code   RO          814    i.ICM_20948_startupDefault  icm_20948.o
    0x00002674   0x00002674   0x000000b0   Code   RO          815    i.ICM_20948_startupMagnetometer  icm_20948.o
    0x00002724   0x00002724   0x0000001c   Code   RO          817    i.ICM_20948_swReset  icm_20948.o
    0x00002740   0x00002740   0x00000046   Code   RO         5773    i.ICM_20948_sw_reset  icm_20948_c.o
    0x00002786   0x00002786   0x00000002   PAD
    0x00002788   0x00002788   0x00000028   Code   RO          819    i.ICM_20948_write   icm_20948.o
    0x000027b0   0x000027b0   0x00000034   Code   RO          820    i.ICM_20948_writeDMPmems  icm_20948.o
    0x000027e4   0x000027e4   0x00000020   Code   RO          821    i.ICM_20948_writeMag  icm_20948.o
    0x00002804   0x00002804   0x0000001c   Code   RO          823    i.ICM_20948_write_SPI  icm_20948.o
    0x00002820   0x00002820   0x00000054   Code   RO         2304    i.POWER_CLOCK_IRQHandler  nrfx_clock.o
    0x00002874   0x00002874   0x00000078   Code   RO         4715    i.RADIO_IRQHandler  nrf_esb.o
    0x000028ec   0x000028ec   0x00000018   Code   RO         4258    i.RTC1_IRQHandler   drv_rtc.o
    0x00002904   0x00002904   0x00000084   Code   RO         5503    i.SEGGER_RTT_WriteNoLock  segger_rtt.o
    0x00002988   0x00002988   0x00000014   Code   RO         2850    i.SPIM0_SPIS0_TWIM0_TWIS0_SPI0_TWI0_IRQHandler  nrfx_spim.o
    0x0000299c   0x0000299c   0x00000088   Code   RO          373    i.SPI_Flash_Init    w25q128.o
    0x00002a24   0x00002a24   0x00000064   Code   RO         4716    i.SWI0_EGU0_IRQHandler  nrf_esb.o
    0x00002a88   0x00002a88   0x00000004   Code   RO          824    i.Serif_t_initialize  icm_20948.o
    0x00002a8c   0x00002a8c   0x00000010   Code   RO         6048    i.SystemCoreClockUpdate  system_nrf52.o
    0x00002a9c   0x00002a9c   0x00000298   Code   RO         6049    i.SystemInit        system_nrf52.o
    0x00002d34   0x00002d34   0x00000018   Code   RO         3034    i.TIMER0_IRQHandler  nrfx_timer.o
    0x00002d4c   0x00002d4c   0x00000028   Code   RO         4717    i.TIMER3_IRQHandler  nrf_esb.o
    0x00002d74   0x00002d74   0x00000010   Code   RO         1615    i.UARTE0_UART0_IRQHandler  nrfx_prs.o
    0x00002d84   0x00002d84   0x0000001c   Code   RO         5508    i._GetAvailWriteSpace  segger_rtt.o
    0x00002da0   0x00002da0   0x00000072   Code   RO         5510    i._WriteBlocking    segger_rtt.o
    0x00002e12   0x00002e12   0x0000004c   Code   RO         5511    i._WriteNoCheck     segger_rtt.o
    0x00002e5e   0x00002e5e   0x00000002   PAD
    0x00002e60   0x00002e60   0x00000010   Code   RO         8019    i.__0printf$bare    mc_w.l(printfb.o)
    0x00002e70   0x00002e70   0x00000030   Code   RO         8356    i.__ARM_fpclassify  m_wm.l(fpclassify.o)
    0x00002ea0   0x00002ea0   0x0000003c   Code   RO         4719    i.__NVIC_DisableIRQ  nrf_esb.o
    0x00002edc   0x00002edc   0x00000022   Code   RO         4720    i.__NVIC_EnableIRQ  nrf_esb.o
    0x00002efe   0x00002efe   0x00000002   PAD
    0x00002f00   0x00002f00   0x00000360   Code   RO         7931    i.__hardfp_asin     m_wm.l(asin.o)
    0x00003260   0x00003260   0x000002d8   Code   RO         8322    i.__hardfp_atan     m_wm.l(atan.o)
    0x00003538   0x00003538   0x000001f0   Code   RO         7945    i.__hardfp_atan2    m_wm.l(atan2.o)
    0x00003728   0x00003728   0x0000007a   Code   RO         7957    i.__hardfp_sqrt     m_wm.l(sqrt.o)
    0x000037a2   0x000037a2   0x000000f8   Code   RO         8358    i.__kernel_poly     m_wm.l(poly.o)
    0x0000389a   0x0000389a   0x00000014   Code   RO         8337    i.__mathlib_dbl_infnan  m_wm.l(dunder.o)
    0x000038ae   0x000038ae   0x00000014   Code   RO         8338    i.__mathlib_dbl_infnan2  m_wm.l(dunder.o)
    0x000038c2   0x000038c2   0x00000006   PAD
    0x000038c8   0x000038c8   0x00000020   Code   RO         8339    i.__mathlib_dbl_invalid  m_wm.l(dunder.o)
    0x000038e8   0x000038e8   0x00000020   Code   RO         8342    i.__mathlib_dbl_underflow  m_wm.l(dunder.o)
    0x00003908   0x00003908   0x0000000e   Code   RO         8403    i.__scatterload_copy  mc_w.l(handlers.o)
    0x00003916   0x00003916   0x00000002   Code   RO         8404    i.__scatterload_null  mc_w.l(handlers.o)
    0x00003918   0x00003918   0x0000000e   Code   RO         8405    i.__scatterload_zeroinit  mc_w.l(handlers.o)
    0x00003926   0x00003926   0x00000002   PAD
    0x00003928   0x00003928   0x0000000c   Code   RO         8383    i.__set_errno       mc_w.l(errno.o)
    0x00003934   0x00003934   0x00000022   Code   RO         8026    i._printf_core      mc_w.l(printfb.o)
    0x00003956   0x00003956   0x00000002   PAD
    0x00003958   0x00003958   0x000000bc   Code   RO         3406    i.app_error_fault_handler  app_error_weak.o
    0x00003a14   0x00003a14   0x0000001c   Code   RO         3240    i.app_error_handler_bare  app_error.o
    0x00003a30   0x00003a30   0x0000001e   Code   RO         3891    i.app_fifo_get      app_fifo.o
    0x00003a4e   0x00003a4e   0x00000022   Code   RO         3894    i.app_fifo_put      app_fifo.o
    0x00003a70   0x00003a70   0x0000006c   Code   RO         3980    i.app_uart_put      app_uart_fifo.o
    0x00003adc   0x00003adc   0x0000000a   Code   RO         3305    i.app_util_critical_region_enter  app_util_platform.o
    0x00003ae6   0x00003ae6   0x0000000a   Code   RO         3306    i.app_util_critical_region_exit  app_util_platform.o
    0x00003af0   0x00003af0   0x00000014   Code   RO         3307    i.app_util_disable_irq  app_util_platform.o
    0x00003b04   0x00003b04   0x00000018   Code   RO         3308    i.app_util_enable_irq  app_util_platform.o
    0x00003b1c   0x00003b1c   0x00000010   Code   RO         8324    i.atan              m_wm.l(atan.o)
    0x00003b2c   0x00003b2c   0x000000e4   Code   RO         5222    i.buf_prealloc      nrf_log_frontend.o
    0x00003c10   0x00003c10   0x0000002c   Code   RO         3515    i.buffer_add        nrf_fprintf_format.o
    0x00003c3c   0x00003c3c   0x00000018   Code   RO         5223    i.buffer_is_empty   nrf_log_frontend.o
    0x00003c54   0x00003c54   0x0000002a   Code   RO         3203    i.bytewise_bitswap  radio_config.o
    0x00003c7e   0x00003c7e   0x00000002   PAD
    0x00003c80   0x00003c80   0x00000010   Code   RO         2464    i.channel_handler_get  nrfx_gpiote.o
    0x00003c90   0x00003c90   0x0000000c   Code   RO         2466    i.channel_port_get  nrfx_gpiote.o
    0x00003c9c   0x00003c9c   0x00000040   Code   RO            4    i.clock_initialization  main.o
    0x00003cdc   0x00003cdc   0x00000018   Code   RO         5224    i.dropped_sat16_get  nrf_log_frontend.o
    0x00003cf4   0x00003cf4   0x00000018   Code   RO         8352    i.fabs              m_wm.l(fabs.o)
    0x00003d0c   0x00003d0c   0x00000018   Code   RO         3897    i.fifo_get          app_fifo.o
    0x00003d24   0x00003d24   0x0000000a   Code   RO         3898    i.fifo_length       app_fifo.o
    0x00003d2e   0x00003d2e   0x00000012   Code   RO         3899    i.fifo_peek         app_fifo.o
    0x00003d40   0x00003d40   0x00000012   Code   RO         3900    i.fifo_put          app_fifo.o
    0x00003d52   0x00003d52   0x0000002e   Code   RO         2851    i.finish_transfer   nrfx_spim.o
    0x00003d80   0x00003d80   0x00000010   Code   RO         4065    i.fputc             retarget.o
    0x00003d90   0x00003d90   0x00000050   Code   RO         8278    i.free              mc_w.l(malloc.o)
    0x00003de0   0x00003de0   0x000000be   Code   RO         3516    i.int_print         nrf_fprintf_format.o
    0x00003e9e   0x00003e9e   0x00000002   PAD
    0x00003ea0   0x00003ea0   0x00000264   Code   RO         5776    i.inv_icm20948_enable_dmp_sensor  icm_20948_c.o
    0x00004104   0x00004104   0x00000106   Code   RO         5778    i.inv_icm20948_firmware_load  icm_20948_c.o
    0x0000420a   0x0000420a   0x00000002   PAD
    0x0000420c   0x0000420c   0x00000820   Code   RO         5779    i.inv_icm20948_read_dmp_data  icm_20948_c.o
    0x00004a2c   0x00004a2c   0x000000a8   Code   RO         5780    i.inv_icm20948_read_mems  icm_20948_c.o
    0x00004ad4   0x00004ad4   0x000001ec   Code   RO         5782    i.inv_icm20948_set_dmp_sensor_period  icm_20948_c.o
    0x00004cc0   0x00004cc0   0x00000178   Code   RO         5783    i.inv_icm20948_set_gyro_sf  icm_20948_c.o
    0x00004e38   0x00004e38   0x000000fa   Code   RO         5784    i.inv_icm20948_write_mems  icm_20948_c.o
    0x00004f32   0x00004f32   0x00000046   Code   RO         5226    i.invalid_packets_omit  nrf_log_frontend.o
    0x00004f78   0x00004f78   0x00000024   Code   RO         2852    i.irq_handler       nrfx_spim.o
    0x00004f9c   0x00004f9c   0x0000005c   Code   RO         3035    i.irq_handler       nrfx_timer.o
    0x00004ff8   0x00004ff8   0x00000026   Code   RO         2467    i.latch_pending_read_and_check  nrfx_gpiote.o
    0x0000501e   0x0000501e   0x00000002   PAD
    0x00005020   0x00005020   0x000000cc   Code   RO         5227    i.log_skip          nrf_log_frontend.o
    0x000050ec   0x000050ec   0x00000568   Code   RO            7    i.main              main.o
    0x00005654   0x00005654   0x0000006c   Code   RO         8279    i.malloc            mc_w.l(malloc.o)
    0x000056c0   0x000056c0   0x000000ca   Code   RO         3626    i.memobj_op         nrf_memobj.o
    0x0000578a   0x0000578a   0x00000002   PAD
    0x0000578c   0x0000578c   0x00000038   Code   RO         5228    i.module_idx_get    nrf_log_frontend.o
    0x000057c4   0x000057c4   0x0000005c   Code   RO         6136    i.nrf52_errata_108  system_nrf52.o
    0x00005820   0x00005820   0x0000005c   Code   RO         6148    i.nrf52_errata_12   system_nrf52.o
    0x0000587c   0x0000587c   0x0000005c   Code   RO         6159    i.nrf52_errata_136  system_nrf52.o
    0x000058d8   0x000058d8   0x00000040   Code   RO         6178    i.nrf52_errata_16   system_nrf52.o
    0x00005918   0x00005918   0x00000040   Code   RO         6195    i.nrf52_errata_182  system_nrf52.o
    0x00005958   0x00005958   0x0000005c   Code   RO         6249    i.nrf52_errata_31   system_nrf52.o
    0x000059b4   0x000059b4   0x00000040   Code   RO         6250    i.nrf52_errata_32   system_nrf52.o
    0x000059f4   0x000059f4   0x0000005c   Code   RO         6254    i.nrf52_errata_36   system_nrf52.o
    0x00005a50   0x00005a50   0x00000040   Code   RO         6255    i.nrf52_errata_37   system_nrf52.o
    0x00005a90   0x00005a90   0x00000040   Code   RO         6271    i.nrf52_errata_57   system_nrf52.o
    0x00005ad0   0x00005ad0   0x0000005c   Code   RO         6277    i.nrf52_errata_66   system_nrf52.o
    0x00005b2c   0x00005b2c   0x0000000e   Code   RO         3706    i.nrf_atomic_flag_clear_fetch  nrf_atomic.o
    0x00005b3a   0x00005b3a   0x0000000e   Code   RO         3707    i.nrf_atomic_flag_set  nrf_atomic.o
    0x00005b48   0x00005b48   0x00000016   Code   RO         3709    i.nrf_atomic_u32_add  nrf_atomic.o
    0x00005b5e   0x00005b5e   0x00000016   Code   RO         3713    i.nrf_atomic_u32_fetch_and  nrf_atomic.o
    0x00005b74   0x00005b74   0x00000016   Code   RO         3715    i.nrf_atomic_u32_fetch_store  nrf_atomic.o
    0x00005b8a   0x00005b8a   0x00000016   Code   RO         3719    i.nrf_atomic_u32_or  nrf_atomic.o
    0x00005ba0   0x00005ba0   0x00000016   Code   RO         3721    i.nrf_atomic_u32_sub  nrf_atomic.o
    0x00005bb6   0x00005bb6   0x0000004c   Code   RO         3843    i.nrf_balloc_alloc  nrf_balloc.o
    0x00005c02   0x00005c02   0x00000010   Code   RO         3844    i.nrf_balloc_block2idx  nrf_balloc.o
    0x00005c12   0x00005c12   0x0000002a   Code   RO         3845    i.nrf_balloc_free   nrf_balloc.o
    0x00005c3c   0x00005c3c   0x0000000c   Code   RO         3846    i.nrf_balloc_idx2block  nrf_balloc.o
    0x00005c48   0x00005c48   0x00000016   Code   RO         2468    i.nrf_bitmask_bit_is_set  nrfx_gpiote.o
    0x00005c5e   0x00005c5e   0x00000012   Code   RO         2305    i.nrf_clock_event_check  nrfx_clock.o
    0x00005c70   0x00005c70   0x00000012   Code   RO         2306    i.nrf_clock_event_clear  nrfx_clock.o
    0x00005c82   0x00005c82   0x00000002   PAD
    0x00005c84   0x00005c84   0x0000000c   Code   RO         2307    i.nrf_clock_int_disable  nrfx_clock.o
    0x00005c90   0x00005c90   0x00000030   Code   RO          825    i.nrf_delay_ms      icm_20948.o
    0x00005cc0   0x00005cc0   0x00000088   Code   RO         2994    i.nrf_drv_spi_init  nrf_drv_spi.o
    0x00005d48   0x00005d48   0x00000032   Code   RO          408    i.nrf_drv_spi_transfer  w25q128.o
    0x00005d7a   0x00005d7a   0x00000002   PAD
    0x00005d7c   0x00005d7c   0x00000044   Code   RO         3983    i.nrf_drv_uart_tx   app_uart_fifo.o
    0x00005dc0   0x00005dc0   0x00000040   Code   RO         4733    i.nrf_esb_get_clear_interrupts  nrf_esb.o
    0x00005e00   0x00005e00   0x0000002a   Code   RO         3476    i.nrf_fprintf       nrf_fprintf.o
    0x00005e2a   0x00005e2a   0x0000001c   Code   RO         3477    i.nrf_fprintf_buffer_flush  nrf_fprintf.o
    0x00005e46   0x00005e46   0x000001f0   Code   RO         3517    i.nrf_fprintf_fmt   nrf_fprintf_format.o
    0x00006036   0x00006036   0x00000028   Code   RO         2853    i.nrf_gpio_cfg      nrfx_spim.o
    0x0000605e   0x0000605e   0x00000018   Code   RO         2854    i.nrf_gpio_cfg_output  nrfx_spim.o
    0x00006076   0x00006076   0x00000032   Code   RO         2471    i.nrf_gpio_cfg_sense_set  nrfx_gpiote.o
    0x000060a8   0x000060a8   0x00000034   Code   RO         2472    i.nrf_gpio_latches_read_and_clear  nrfx_gpiote.o
    0x000060dc   0x000060dc   0x00000016   Code   RO          409    i.nrf_gpio_pin_clear  w25q128.o
    0x000060f2   0x000060f2   0x00000016   Code   RO         2855    i.nrf_gpio_pin_clear  nrfx_spim.o
    0x00006108   0x00006108   0x00000016   Code   RO          410    i.nrf_gpio_pin_set  w25q128.o
    0x0000611e   0x0000611e   0x00000016   Code   RO         2856    i.nrf_gpio_pin_set  nrfx_spim.o
    0x00006134   0x00006134   0x00000022   Code   RO            8    i.nrf_gpio_pin_toggle  main.o
    0x00006156   0x00006156   0x00000002   PAD
    0x00006158   0x00006158   0x0000000c   Code   RO         2477    i.nrf_gpiote_event_addr_get  nrfx_gpiote.o
    0x00006164   0x00006164   0x0000001c   Code   RO         2478    i.nrf_gpiote_event_clear  nrfx_gpiote.o
    0x00006180   0x00006180   0x00000016   Code   RO         2479    i.nrf_gpiote_event_is_set  nrfx_gpiote.o
    0x00006196   0x00006196   0x00000002   Code   RO         5065    i.nrf_log_backend_rtt_flush  nrf_log_backend_rtt.o
    0x00006198   0x00006198   0x00000002   Code   RO         5067    i.nrf_log_backend_rtt_panic_set  nrf_log_backend_rtt.o
    0x0000619a   0x0000619a   0x00000002   PAD
    0x0000619c   0x0000619c   0x00000020   Code   RO         5068    i.nrf_log_backend_rtt_put  nrf_log_backend_rtt.o
    0x000061bc   0x000061bc   0x000000f2   Code   RO         5133    i.nrf_log_backend_serial_put  nrf_log_backend_serial.o
    0x000062ae   0x000062ae   0x00000002   PAD
    0x000062b0   0x000062b0   0x00000038   Code   RO         5231    i.nrf_log_color_id_get  nrf_log_frontend.o
    0x000062e8   0x000062e8   0x00000314   Code   RO         5232    i.nrf_log_frontend_dequeue  nrf_log_frontend.o
    0x000065fc   0x000065fc   0x00000014   Code   RO         5234    i.nrf_log_frontend_std_0  nrf_log_frontend.o
    0x00006610   0x00006610   0x000000bc   Code   RO         5425    i.nrf_log_hexdump_entry_process  nrf_log_str_formatter.o
    0x000066cc   0x000066cc   0x00000014   Code   RO         5242    i.nrf_log_module_cnt_get  nrf_log_frontend.o
    0x000066e0   0x000066e0   0x00000024   Code   RO         5246    i.nrf_log_module_name_get  nrf_log_frontend.o
    0x00006704   0x00006704   0x00000034   Code   RO         5247    i.nrf_log_panic     nrf_log_frontend.o
    0x00006738   0x00006738   0x000000c8   Code   RO         5426    i.nrf_log_std_entry_process  nrf_log_str_formatter.o
    0x00006800   0x00006800   0x0000007a   Code   RO         3627    i.nrf_memobj_alloc  nrf_memobj.o
    0x0000687a   0x0000687a   0x00000040   Code   RO         3628    i.nrf_memobj_free   nrf_memobj.o
    0x000068ba   0x000068ba   0x00000010   Code   RO         3629    i.nrf_memobj_get    nrf_memobj.o
    0x000068ca   0x000068ca   0x0000001e   Code   RO         3631    i.nrf_memobj_put    nrf_memobj.o
    0x000068e8   0x000068e8   0x00000022   Code   RO         3632    i.nrf_memobj_read   nrf_memobj.o
    0x0000690a   0x0000690a   0x00000022   Code   RO         3633    i.nrf_memobj_write  nrf_memobj.o
    0x0000692c   0x0000692c   0x0000000e   Code   RO         2857    i.nrf_spim_event_check  nrfx_spim.o
    0x0000693a   0x0000693a   0x0000000e   Code   RO         2858    i.nrf_spim_event_clear  nrfx_spim.o
    0x00006948   0x00006948   0x00000006   Code   RO         2859    i.nrf_spim_int_disable  nrfx_spim.o
    0x0000694e   0x0000694e   0x00000006   Code   RO         2860    i.nrf_spim_task_trigger  nrfx_spim.o
    0x00006954   0x00006954   0x0000000e   Code   RO         3036    i.nrf_timer_compare_event_get  nrfx_timer.o
    0x00006962   0x00006962   0x0000000a   Code   RO         3037    i.nrf_timer_compare_int_get  nrfx_timer.o
    0x0000696c   0x0000696c   0x0000000e   Code   RO         3038    i.nrf_timer_event_clear  nrfx_timer.o
    0x0000697a   0x0000697a   0x0000000e   Code   RO         1684    i.nrf_uart_event_check  nrfx_uart.o
    0x00006988   0x00006988   0x0000000e   Code   RO         1685    i.nrf_uart_event_clear  nrfx_uart.o
    0x00006996   0x00006996   0x00000006   Code   RO         1690    i.nrf_uart_task_trigger  nrfx_uart.o
    0x0000699c   0x0000699c   0x0000000e   Code   RO         1936    i.nrf_uarte_event_check  nrfx_uarte.o
    0x000069aa   0x000069aa   0x0000000e   Code   RO         1937    i.nrf_uarte_event_clear  nrfx_uarte.o
    0x000069b8   0x000069b8   0x00000006   Code   RO         1943    i.nrf_uarte_task_trigger  nrfx_uarte.o
    0x000069be   0x000069be   0x00000008   Code   RO         2861    i.nrfx_get_irq_number  nrfx_spim.o
    0x000069c6   0x000069c6   0x00000014   Code   RO         1947    i.nrfx_is_in_ram    nrfx_uarte.o
    0x000069da   0x000069da   0x00000014   Code   RO         2862    i.nrfx_is_in_ram    nrfx_spim.o
    0x000069ee   0x000069ee   0x00000048   Code   RO         1616    i.nrfx_prs_acquire  nrfx_prs.o
    0x00006a36   0x00006a36   0x00000002   PAD
    0x00006a38   0x00006a38   0x000001cc   Code   RO         2865    i.nrfx_spim_init    nrfx_spim.o
    0x00006c04   0x00006c04   0x0000006c   Code   RO         2868    i.nrfx_spim_xfer    nrfx_spim.o
    0x00006c70   0x00006c70   0x0000008c   Code   RO         1701    i.nrfx_uart_tx      nrfx_uart.o
    0x00006cfc   0x00006cfc   0x00000024   Code   RO         1703    i.nrfx_uart_tx_in_progress  nrfx_uart.o
    0x00006d20   0x00006d20   0x000000c0   Code   RO         1954    i.nrfx_uarte_tx     nrfx_uarte.o
    0x00006de0   0x00006de0   0x00000020   Code   RO         1956    i.nrfx_uarte_tx_in_progress  nrfx_uarte.o
    0x00006e00   0x00006e00   0x000000c0   Code   RO         2518    i.port_event_handle  nrfx_gpiote.o
    0x00006ec0   0x00006ec0   0x00000010   Code   RO         2519    i.port_handler_pin_get  nrfx_gpiote.o
    0x00006ed0   0x00006ed0   0x00000010   Code   RO         2520    i.port_handler_polarity_get  nrfx_gpiote.o
    0x00006ee0   0x00006ee0   0x00000048   Code   RO         5428    i.postfix_process   nrf_log_str_formatter.o
    0x00006f28   0x00006f28   0x000000a4   Code   RO         5429    i.prefix_process    nrf_log_str_formatter.o
    0x00006fcc   0x00006fcc   0x00000018   Code   RO         1618    i.prs_box_get       nrfx_prs.o
    0x00006fe4   0x00006fe4   0x000000f0   Code   RO         3204    i.radio_configure   radio_config.o
    0x000070d4   0x000070d4   0x000000b0   Code   RO          413    i.read_multiple_spi  w25q128.o
    0x00007184   0x00007184   0x00000072   Code   RO         5785    i.sensor_type_2_android_sensor  icm_20948_c.o
    0x000071f6   0x000071f6   0x00000002   PAD
    0x000071f8   0x000071f8   0x00000084   Code   RO         5069    i.serial_tx         nrf_log_backend_rtt.o
    0x0000727c   0x0000727c   0x0000000c   Code   RO          416    i.spi_event_handler  w25q128.o
    0x00007288   0x00007288   0x00000040   Code   RO         2996    i.spim_evt_handler  nrf_drv_spi.o
    0x000072c8   0x000072c8   0x00000110   Code   RO         2869    i.spim_xfer         nrfx_spim.o
    0x000073d8   0x000073d8   0x0000006e   Code   RO         7959    i.sqrt              m_wm.l(sqrt.o)
    0x00007446   0x00007446   0x00000002   PAD
    0x00007448   0x00007448   0x00000064   Code   RO         5249    i.std_header_set    nrf_log_frontend.o
    0x000074ac   0x000074ac   0x00000070   Code   RO         5250    i.std_n             nrf_log_frontend.o
    0x0000751c   0x0000751c   0x00000074   Code   RO         3518    i.string_print      nrf_fprintf_format.o
    0x00007590   0x00007590   0x00000024   Code   RO         3205    i.swap_bits         radio_config.o
    0x000075b4   0x000075b4   0x00000002   Code   RO         5430    i.timestamp_print   nrf_log_str_formatter.o
    0x000075b6   0x000075b6   0x00000036   Code   RO         1709    i.tx_blocking       nrfx_uart.o
    0x000075ec   0x000075ec   0x00000026   Code   RO         1710    i.tx_byte           nrfx_uart.o
    0x00007612   0x00007612   0x00000002   PAD
    0x00007614   0x00007614   0x000000b8   Code   RO         3519    i.unsigned_print    nrf_fprintf_format.o
    0x000076cc   0x000076cc   0x0000008c   Code   RO          418    i.write_multiple_spi  w25q128.o
    0x00007758   0x00007758   0x00000008   PAD
    0x00007760   0x00007760   0x00000038   Data   RO           13    .constdata          main.o
    0x00007798   0x00007798   0x00000008   PAD
    0x000077a0   0x000077a0   0x00000028   Data   RO          421    .constdata          w25q128.o
    0x000077c8   0x000077c8   0x00000008   PAD
    0x000077d0   0x000077d0   0x00000016   Data   RO          827    .constdata          icm_20948.o
    0x000077e6   0x000077e6   0x00000002   PAD
    0x000077e8   0x000077e8   0x0000003e   Data   RO         2522    .constdata          nrfx_gpiote.o
    0x00007826   0x00007826   0x00000002   PAD
    0x00007828   0x00007828   0x0000002d   Data   RO         2871    .constdata          nrfx_spim.o
    0x00007855   0x00007855   0x00000003   PAD
    0x00007858   0x00007858   0x00000010   Data   RO         2998    .constdata          nrf_drv_spi.o
    0x00007868   0x00007868   0x00000010   Data   RO         3520    .constdata          nrf_fprintf_format.o
    0x00007878   0x00007878   0x00000008   PAD
    0x00007880   0x00007880   0x00000016   Data   RO         5071    .constdata          nrf_log_backend_rtt.o
    0x00007896   0x00007896   0x00000002   PAD
    0x00007898   0x00007898   0x00003934   Data   RO         5786    .constdata          icm_20948_c.o
    0x0000b1cc   0x0000b1cc   0x00000004   PAD
    0x0000b1d0   0x0000b1d0   0x00000050   Data   RO         7934    .constdata          m_wm.l(asin.o)
    0x0000b220   0x0000b220   0x00000081   Data   RO         7979    .constdata          mc_w.l(ctype_o.o)
    0x0000b2a1   0x0000b2a1   0x00000003   PAD
    0x0000b2a4   0x0000b2a4   0x00000004   Data   RO         7980    .constdata          mc_w.l(ctype_o.o)
    0x0000b2a8   0x0000b2a8   0x00000098   Data   RO         8325    .constdata          m_wm.l(atan.o)
    0x0000b340   0x0000b340   0x00000008   Data   RO         8360    .constdata          m_wm.l(qnan.o)
    0x0000b348   0x0000b348   0x00000063   Data   RO           14    .conststring        main.o
    0x0000b3ab   0x0000b3ab   0x00000001   PAD
    0x0000b3ac   0x0000b3ac   0x00000066   Data   RO         5431    .conststring        nrf_log_str_formatter.o
    0x0000b412   0x0000b412   0x00000002   PAD
    0x0000b414   0x0000b414   0x00000004   Data   RO         1620    .conststrlit        nrfx_prs.o
    0x0000b418   0x0000b418   0x00000005   Data   RO         1715    .conststrlit        nrfx_uart.o
    0x0000b41d   0x0000b41d   0x00000003   PAD
    0x0000b420   0x0000b420   0x00000006   Data   RO         1964    .conststrlit        nrfx_uarte.o
    0x0000b426   0x0000b426   0x00000002   PAD
    0x0000b428   0x0000b428   0x00000006   Data   RO         2171    .conststrlit        nrf_drv_clock.o
    0x0000b42e   0x0000b42e   0x00000002   PAD
    0x0000b430   0x0000b430   0x00000006   Data   RO         2326    .conststrlit        nrfx_clock.o
    0x0000b436   0x0000b436   0x00000002   PAD
    0x0000b438   0x0000b438   0x00000007   Data   RO         2523    .conststrlit        nrfx_gpiote.o
    0x0000b43f   0x0000b43f   0x00000001   PAD
    0x0000b440   0x0000b440   0x00000005   Data   RO         2872    .conststrlit        nrfx_spim.o
    0x0000b445   0x0000b445   0x00000003   PAD
    0x0000b448   0x0000b448   0x00000006   Data   RO         3060    .conststrlit        nrfx_timer.o
    0x0000b44e   0x0000b44e   0x00000002   PAD
    0x0000b450   0x0000b450   0x0000000a   Data   RO         4125    .conststrlit        app_timer2.o
    0x0000b45a   0x0000b45a   0x00000002   PAD
    0x0000b45c   0x0000b45c   0x00000009   Data   RO         4482    .conststrlit        nrf_sortlist.o
    0x0000b465   0x0000b465   0x00000003   PAD
    0x0000b468   0x0000b468   0x0000000b   Data   RO         4620    .conststrlit        app_button.o
    0x0000b473   0x0000b473   0x00000001   PAD
    0x0000b474   0x0000b474   0x00000010   Data   RO         5186    .conststrlit        nrf_log_default_backends.o
    0x0000b484   0x0000b484   0x00000004   Data   RO         5253    .conststrlit        nrf_log_frontend.o
    0x0000b488   0x0000b488   0x00000020   Data   RO         8401    Region$$Table       anon$$obj.o
    0x0000b4a8   0x0000b4a8   0x00000010   Data   RO         5188    log_backends        nrf_log_default_backends.o
    0x0000b4b8   0x0000b4b8   0x00000008   Data   RO         1622    log_const_data      nrfx_prs.o
    0x0000b4c0   0x0000b4c0   0x00000008   Data   RO         1716    log_const_data      nrfx_uart.o
    0x0000b4c8   0x0000b4c8   0x00000008   Data   RO         1965    log_const_data      nrfx_uarte.o
    0x0000b4d0   0x0000b4d0   0x00000008   Data   RO         2172    log_const_data      nrf_drv_clock.o
    0x0000b4d8   0x0000b4d8   0x00000008   Data   RO         2328    log_const_data      nrfx_clock.o
    0x0000b4e0   0x0000b4e0   0x00000008   Data   RO         2524    log_const_data      nrfx_gpiote.o
    0x0000b4e8   0x0000b4e8   0x00000008   Data   RO         2873    log_const_data      nrfx_spim.o
    0x0000b4f0   0x0000b4f0   0x00000008   Data   RO         3061    log_const_data      nrfx_timer.o
    0x0000b4f8   0x0000b4f8   0x00000008   Data   RO         4127    log_const_data      app_timer2.o
    0x0000b500   0x0000b500   0x00000008   Data   RO         4483    log_const_data      nrf_sortlist.o
    0x0000b508   0x0000b508   0x00000008   Data   RO         4622    log_const_data      app_button.o
    0x0000b510   0x0000b510   0x00000008   Data   RO         5255    log_const_data      nrf_log_frontend.o
    0x0000b518   0x0000b518   0x00000014   Data   RO         5256    nrf_balloc          nrf_log_frontend.o


    Execution Region RW_IRAM1 (Exec base: 0x20000000, Load base: 0x0000b52c, Size: 0x00003f10, Max: 0x00010000, ABSOLUTE, COMPRESSED[0x00000054])

    Exec Addr    Load Addr    Size         Type   Attr      Idx    E Section Name        Object

    0x20000000   COMPRESSED   0x00000026   Data   RW          422    .data               w25q128.o
    0x20000026   COMPRESSED   0x00000001   Data   RW          829    .data               icm_20948.o
    0x20000027   COMPRESSED   0x00000001   PAD
    0x20000028   COMPRESSED   0x00000009   Data   RW         1566    .data               nrf_drv_uart.o
    0x20000031   COMPRESSED   0x00000003   PAD
    0x20000034   COMPRESSED   0x00000008   Data   RW         1621    .data               nrfx_prs.o
    0x2000003c   COMPRESSED   0x00000008   Data   RW         2327    .data               nrfx_clock.o
    0x20000044   COMPRESSED   0x00000004   Data   RW         3311    .data               app_util_platform.o
    0x20000048   COMPRESSED   0x0000001b   Data   RW         3987    .data               app_uart_fifo.o
    0x20000063   COMPRESSED   0x00000001   PAD
    0x20000064   COMPRESSED   0x00000008   Data   RW         4066    .data               retarget.o
    0x2000006c   COMPRESSED   0x0000000c   Data   RW         4292    .data               drv_rtc.o
    0x20000078   COMPRESSED   0x00000048   Data   RW         4775    .data               nrf_esb.o
    0x200000c0   COMPRESSED   0x00000001   Data   RW         5072    .data               nrf_log_backend_rtt.o
    0x200000c1   COMPRESSED   0x00000003   PAD
    0x200000c4   COMPRESSED   0x00000008   Data   RW         5187    .data               nrf_log_default_backends.o
    0x200000cc   COMPRESSED   0x00000014   Data   RW         5254    .data               nrf_log_frontend.o
    0x200000e0   COMPRESSED   0x00000040   Data   RW         5432    .data               nrf_log_str_formatter.o
    0x20000120   COMPRESSED   0x00000004   Data   RW         6417    .data               system_nrf52.o
    0x20000124   COMPRESSED   0x00000004   Data   RW         8379    .data               mc_w.l(mvars.o)
    0x20000128   COMPRESSED   0x00000004   Data   RW         8380    .data               mc_w.l(mvars.o)
    0x2000012c   COMPRESSED   0x00000004   Data   RW         8384    .data               mc_w.l(errno.o)
    0x20000130        -       0x0000022c   Zero   RW           12    .bss                main.o
    0x2000035c        -       0x00000200   Zero   RW          420    .bss                w25q128.o
    0x2000055c        -       0x0000005c   Zero   RW          826    .bss                icm_20948.o
    0x200005b8        -       0x0000002c   Zero   RW         1713    .bss                nrfx_uart.o
    0x200005e4        -       0x00000024   Zero   RW         1962    .bss                nrfx_uarte.o
    0x20000608        -       0x0000005c   Zero   RW         2521    .bss                nrfx_gpiote.o
    0x20000664        -       0x00000024   Zero   RW         2870    .bss                nrfx_spim.o
    0x20000688        -       0x00000018   Zero   RW         2997    .bss                nrf_drv_spi.o
    0x200006a0        -       0x0000000c   Zero   RW         3058    .bss                nrfx_timer.o
    0x200006ac        -       0x00000020   Zero   RW         3985    .bss                app_uart_fifo.o
    0x200006cc        -       0x00000040   Zero   RW         5070    .bss                nrf_log_backend_rtt.o
    0x2000070c        -       0x00000578   Zero   RW         5251    .bss                nrf_log_frontend.o
    0x20000c84        -       0x00000288   Zero   RW         5512    .bss                segger_rtt.o
    0x20000f0c   COMPRESSED   0x00000004   PAD
    0x20000f10        -       0x00001000   Zero   RW         6039    HEAP                arm_startup_nrf52.o
    0x20001f10        -       0x00002000   Zero   RW         6038    STACK               arm_startup_nrf52.o


==============================================================================

Image component sizes


      Code (inc. data)   RO Data    RW Data    ZI Data      Debug   Object Name

         0          0         19          0          0       5791   app_button.o
        28          0          0          0          0       2265   app_error.o
         0          0          0          0          0        392   app_error_handler_keil.o
       188         44          0          0          0      30873   app_error_weak.o
       134          0          0          0          0       4554   app_fifo.o
         0          0         18          0          0       4890   app_timer2.o
       176         24          0         27         32      16291   app_uart_fifo.o
        64         10          0          4          0       2866   app_util_platform.o
        36          8        512          0      12288        852   arm_startup_nrf52.o
        24         10          0         12          0       3242   drv_rtc.o
      3594        832         22          1         92      29098   icm_20948.o
      8220         84      14644          0          0      40073   icm_20948_c.o
      1482        164        155          0        556     120224   main.o
       364          0          0          0          0       6386   nrf_atomic.o
       146          0          0          0          0       2581   nrf_balloc.o
         0          0         14          0          0       4874   nrf_drv_clock.o
       200         24         16          0         24       5827   nrf_drv_spi.o
         0          0          0          9          0      14620   nrf_drv_uart.o
       418         52          0         72          0       7342   nrf_esb.o
        70          0          0          0          0       3185   nrf_fprintf.o
      1030          6         16          0          0       6610   nrf_fprintf_format.o
       168         16         22          1         64       5058   nrf_log_backend_rtt.o
       242          0          0          0          0      10497   nrf_log_backend_serial.o
         0          0         32          8          0       2305   nrf_log_default_backends.o
      1790        118         32         20       1400      24467   nrf_log_frontend.o
       626        112        102         64          0       5340   nrf_log_str_formatter.o
       502          0          0          0          0       8224   nrf_memobj.o
         0          0          0          0          0       1368   nrf_ringbuf.o
         0          0         17          0          0        837   nrf_sortlist.o
       132         10         14          8          0       6463   nrfx_clock.o
       664         44         77          0         92      57938   nrfx_gpiote.o
       112         14         12          8          0       4449   nrfx_prs.o
      1118         28         58          0         36      22974   nrfx_spim.o
       154         10         14          0         12      10638   nrfx_timer.o
       302         12         13          0         44      46170   nrfx_uart.o
       278         10         14          0         36      13562   nrfx_uarte.o
       318         22          0          0          0       1842   radio_config.o
        16          0          0          8          0       2590   retarget.o
       350          6          0          0        648       6619   segger_rtt.o
      1552        158          0          4          0       8659   system_nrf52.o
       558         50         40         38        512      58450   w25q128.o

    ----------------------------------------------------------------------
     25104       1876      15956        292      15840     611286   Object Totals
         0          0         32          0          0          0   (incl. Generated)
        48          8         61          8          4          0   (incl. Padding)

    ----------------------------------------------------------------------

      Code (inc. data)   RO Data    RW Data    ZI Data      Debug   Library Member Name

       864         94         80          0          0        280   asin.o
       744        106        152          0          0        352   atan.o
       496         64          0          0          0        192   atan2.o
       104         16          0          0          0        496   dunder.o
        24          0          0          0          0        124   fabs.o
        48          0          0          0          0        124   fpclassify.o
       248          0          0          0          0        152   poly.o
         0          0          8          0          0          0   qnan.o
       232          0          0          0          0        296   sqrt.o
        86          0          0          0          0          0   __dczerorl2.o
         8          4        133          0          0         68   ctype_o.o
         0          0          0          0          0          0   entry.o
         0          0          0          0          0          0   entry10a.o
         0          0          0          0          0          0   entry11a.o
         8          4          0          0          0          0   entry2.o
         4          0          0          0          0          0   entry5.o
         0          0          0          0          0          0   entry7b.o
         0          0          0          0          0          0   entry8b.o
         8          4          0          0          0          0   entry9a.o
        12          6          0          4          0         68   errno.o
        30          0          0          0          0          0   handlers.o
        36          8          0          0          0         68   init.o
         0          0          0          0          0          0   iusefp.o
        30          0          0          0          0         68   llshl.o
        36          0          0          0          0         68   llsshr.o
        32          0          0          0          0         68   llushr.o
       188         20          0          0          0        160   malloc.o
        26          0          0          0          0         80   memcmp.o
        36          0          0          0          0         68   memcpya.o
        36          0          0          0          0        108   memseta.o
         0          0          0          8          0          0   mvars.o
        50          8          0          0          0        152   printfb.o
        14          0          0          0          0         68   strlen.o
        98          0          0          0          0         92   uldiv.o
        48          0          0          0          0         68   cdcmple.o
        48          0          0          0          0         68   cdrcmple.o
        56          0          0          0          0         88   d2f.o
       334          0          0          0          0        148   dadd.o
       222          0          0          0          0        100   ddiv.o
       186          0          0          0          0        176   depilogue.o
        34          0          0          0          0         76   dflti.o
       228          0          0          0          0         96   dmul.o
       162          0          0          0          0        100   dsqrt.o
       110          0          0          0          0        168   fepilogue.o

    ----------------------------------------------------------------------
      4944        334        376         12          0       4240   Library Totals
        18          0          3          0          0          0   (incl. Padding)

    ----------------------------------------------------------------------

      Code (inc. data)   RO Data    RW Data    ZI Data      Debug   Library Name

      2760        280        240          0          0       2016   m_wm.l
       738         54        133         12          0       1136   mc_w.l
      1428          0          0          0          0       1088   mf_w.l

    ----------------------------------------------------------------------
      4944        334        376         12          0       4240   Library Totals

    ----------------------------------------------------------------------

==============================================================================


      Code (inc. data)   RO Data    RW Data    ZI Data      Debug   

     30048       2210      16332        304      15840     590418   Grand Totals
     30048       2210      16332         84      15840     590418   ELF Image Totals (compressed)
     30048       2210      16332         84          0          0   ROM Totals

==============================================================================

    Total RO  Size (Code + RO Data)                46380 (  45.29kB)
    Total RW  Size (RW Data + ZI Data)             16144 (  15.77kB)
    Total ROM Size (Code + RO Data + RW Data)      46464 (  45.38kB)

==============================================================================

